Component: ARM Compiler 5.06 update 6 (build 750) Tool: armlink [4d35ed]

==============================================================================

Section Cross References

    startup_stm32f407xx.o(RESET) refers to startup_stm32f407xx.o(STACK) for __initial_sp
    startup_stm32f407xx.o(RESET) refers to startup_stm32f407xx.o(.text) for Reset_Handler
    startup_stm32f407xx.o(RESET) refers to stm32f4xx_it.o(i.NMI_Handler) for NMI_Handler
    startup_stm32f407xx.o(RESET) refers to stm32f4xx_it.o(i.HardFault_Handler) for HardFault_Handler
    startup_stm32f407xx.o(RESET) refers to stm32f4xx_it.o(i.MemManage_Handler) for MemManage_Handler
    startup_stm32f407xx.o(RESET) refers to stm32f4xx_it.o(i.BusFault_Handler) for BusFault_Handler
    startup_stm32f407xx.o(RESET) refers to stm32f4xx_it.o(i.UsageFault_Handler) for UsageFault_Handler
    startup_stm32f407xx.o(RESET) refers to stm32f4xx_it.o(i.SVC_Handler) for SVC_Handler
    startup_stm32f407xx.o(RESET) refers to stm32f4xx_it.o(i.DebugMon_Handler) for DebugMon_Handler
    startup_stm32f407xx.o(RESET) refers to stm32f4xx_it.o(i.PendSV_Handler) for PendSV_Handler
    startup_stm32f407xx.o(RESET) refers to stm32f4xx_it.o(i.SysTick_Handler) for SysTick_Handler
    startup_stm32f407xx.o(RESET) refers to stm32f4xx_it.o(i.TIM3_IRQHandler) for TIM3_IRQHandler
    startup_stm32f407xx.o(.text) refers to system_stm32f4xx.o(i.SystemInit) for SystemInit
    startup_stm32f407xx.o(.text) refers to entry.o(.ARM.Collect$$$$00000000) for __main
    main.o(i.HAL_TIM_PeriodElapsedCallback) refers to main.o(.data) for .data
    main.o(i.SystemClock_Config) refers to memseta.o(.text) for __aeabi_memclr4
    main.o(i.SystemClock_Config) refers to stm32f4xx_hal_rcc.o(i.HAL_RCC_OscConfig) for HAL_RCC_OscConfig
    main.o(i.SystemClock_Config) refers to stm32f4xx_hal_rcc.o(i.HAL_RCC_ClockConfig) for HAL_RCC_ClockConfig
    main.o(i.main) refers to stm32f4xx_hal.o(i.HAL_Init) for HAL_Init
    main.o(i.main) refers to main.o(i.SystemClock_Config) for SystemClock_Config
    main.o(i.main) refers to gpio.o(i.MX_GPIO_Init) for MX_GPIO_Init
    main.o(i.main) refers to tim.o(i.MX_TIM3_Init) for MX_TIM3_Init
    main.o(i.main) refers to usart.o(i.MX_USART1_UART_Init) for MX_USART1_UART_Init
    main.o(i.main) refers to mpu6050.o(i.MPU6050_Init) for MPU6050_Init
    main.o(i.main) refers to stm32f4xx_hal_tim.o(i.HAL_TIM_Base_Start_IT) for HAL_TIM_Base_Start_IT
    main.o(i.main) refers to filter.o(i.IIR_Filter_Init) for IIR_Filter_Init
    main.o(i.main) refers to stm32f4xx_hal_gpio.o(i.HAL_GPIO_TogglePin) for HAL_GPIO_TogglePin
    main.o(i.main) refers to mpu6050.o(i.MPU6050_Read) for MPU6050_Read
    main.o(i.main) refers to imu.o(i.MahonyAHRSupdateIMU) for MahonyAHRSupdateIMU
    main.o(i.main) refers to f2d.o(.text) for __aeabi_f2d
    main.o(i.main) refers to printfa.o(i.__0printf) for __2printf
    main.o(i.main) refers to tim.o(.bss) for htim3
    main.o(i.main) refers to main.o(.data) for .data
    main.o(i.main) refers to imu.o(.bss) for IMU_Data
    gpio.o(i.MX_GPIO_Init) refers to memseta.o(.text) for __aeabi_memclr4
    gpio.o(i.MX_GPIO_Init) refers to stm32f4xx_hal_gpio.o(i.HAL_GPIO_WritePin) for HAL_GPIO_WritePin
    gpio.o(i.MX_GPIO_Init) refers to stm32f4xx_hal_gpio.o(i.HAL_GPIO_Init) for HAL_GPIO_Init
    tim.o(i.HAL_TIM_Base_MspDeInit) refers to stm32f4xx_hal_cortex.o(i.HAL_NVIC_DisableIRQ) for HAL_NVIC_DisableIRQ
    tim.o(i.HAL_TIM_Base_MspInit) refers to stm32f4xx_hal_cortex.o(i.HAL_NVIC_SetPriority) for HAL_NVIC_SetPriority
    tim.o(i.HAL_TIM_Base_MspInit) refers to stm32f4xx_hal_cortex.o(i.HAL_NVIC_EnableIRQ) for HAL_NVIC_EnableIRQ
    tim.o(i.MX_TIM3_Init) refers to stm32f4xx_hal_tim.o(i.HAL_TIM_Base_Init) for HAL_TIM_Base_Init
    tim.o(i.MX_TIM3_Init) refers to main.o(i.Error_Handler) for Error_Handler
    tim.o(i.MX_TIM3_Init) refers to stm32f4xx_hal_tim.o(i.HAL_TIM_ConfigClockSource) for HAL_TIM_ConfigClockSource
    tim.o(i.MX_TIM3_Init) refers to stm32f4xx_hal_tim_ex.o(i.HAL_TIMEx_MasterConfigSynchronization) for HAL_TIMEx_MasterConfigSynchronization
    tim.o(i.MX_TIM3_Init) refers to tim.o(.bss) for .bss
    usart.o(i.HAL_UART_MspDeInit) refers to stm32f4xx_hal_gpio.o(i.HAL_GPIO_DeInit) for HAL_GPIO_DeInit
    usart.o(i.HAL_UART_MspInit) refers to memseta.o(.text) for __aeabi_memclr4
    usart.o(i.HAL_UART_MspInit) refers to stm32f4xx_hal_gpio.o(i.HAL_GPIO_Init) for HAL_GPIO_Init
    usart.o(i.MX_USART1_UART_Init) refers to stm32f4xx_hal_uart.o(i.HAL_UART_Init) for HAL_UART_Init
    usart.o(i.MX_USART1_UART_Init) refers to main.o(i.Error_Handler) for Error_Handler
    usart.o(i.MX_USART1_UART_Init) refers to usart.o(.bss) for .bss
    usart.o(i.fputc) refers to stm32f4xx_hal_uart.o(i.HAL_UART_Transmit) for HAL_UART_Transmit
    usart.o(i.fputc) refers to usart.o(.bss) for .bss
    stm32f4xx_it.o(i.SysTick_Handler) refers to stm32f4xx_hal.o(i.HAL_IncTick) for HAL_IncTick
[...]
    Removing stm32f4xx_hal_pwr_ex.o(i.HAL_PWREx_EnableFlashPowerDown), (12 bytes).
    Removing stm32f4xx_hal_pwr_ex.o(i.HAL_PWREx_GetVoltageRange), (16 bytes).
    Removing stm32f4xx_hal_cortex.o(.rev16_text), (4 bytes).
    Removing stm32f4xx_hal_cortex.o(.revsh_text), (4 bytes).
    Removing stm32f4xx_hal_cortex.o(.rrx_text), (6 bytes).
    Removing stm32f4xx_hal_cortex.o(i.HAL_MPU_ConfigRegion), (84 bytes).
    Removing stm32f4xx_hal_cortex.o(i.HAL_MPU_Disable), (28 bytes).
    Removing stm32f4xx_hal_cortex.o(i.HAL_MPU_Enable), (36 bytes).
    Removing stm32f4xx_hal_cortex.o(i.HAL_NVIC_ClearPendingIRQ), (26 bytes).
    Removing stm32f4xx_hal_cortex.o(i.HAL_NVIC_DisableIRQ), (34 bytes).
    Removing stm32f4xx_hal_cortex.o(i.HAL_NVIC_GetActive), (36 bytes).
    Removing stm32f4xx_hal_cortex.o(i.HAL_NVIC_GetPendingIRQ), (36 bytes).
    Removing stm32f4xx_hal_cortex.o(i.HAL_NVIC_GetPriority), (82 bytes).
    Removing stm32f4xx_hal_cortex.o(i.HAL_NVIC_GetPriorityGrouping), (16 bytes).
    Removing stm32f4xx_hal_cortex.o(i.HAL_NVIC_SetPendingIRQ), (26 bytes).
    Removing stm32f4xx_hal_cortex.o(i.HAL_NVIC_SystemReset), (36 bytes).
    Removing stm32f4xx_hal_cortex.o(i.HAL_SYSTICK_CLKSourceConfig), (24 bytes).
    Removing stm32f4xx_hal_cortex.o(i.HAL_SYSTICK_Callback), (2 bytes).
    Removing stm32f4xx_hal_cortex.o(i.HAL_SYSTICK_IRQHandler), (8 bytes).
    Removing stm32f4xx_hal.o(.rev16_text), (4 bytes).
    Removing stm32f4xx_hal.o(.revsh_text), (4 bytes).
    Removing stm32f4xx_hal.o(.rrx_text), (6 bytes).
    Removing stm32f4xx_hal.o(i.HAL_DBGMCU_DisableDBGSleepMode), (16 bytes).
    Removing stm32f4xx_hal.o(i.HAL_DBGMCU_DisableDBGStandbyMode), (16 bytes).
    Removing stm32f4xx_hal.o(i.HAL_DBGMCU_DisableDBGStopMode), (16 bytes).
    Removing stm32f4xx_hal.o(i.HAL_DBGMCU_EnableDBGSleepMode), (16 bytes).
    Removing stm32f4xx_hal.o(i.HAL_DBGMCU_EnableDBGStandbyMode), (16 bytes).
    Removing stm32f4xx_hal.o(i.HAL_DBGMCU_EnableDBGStopMode), (16 bytes).
    Removing stm32f4xx_hal.o(i.HAL_DeInit), (52 bytes).
    Removing stm32f4xx_hal.o(i.HAL_DisableCompensationCell), (12 bytes).
    Removing stm32f4xx_hal.o(i.HAL_EnableCompensationCell), (12 bytes).
    Removing stm32f4xx_hal.o(i.HAL_GetDEVID), (16 bytes).
    Removing stm32f4xx_hal.o(i.HAL_GetHalVersion), (8 bytes).
    Removing stm32f4xx_hal.o(i.HAL_GetREVID), (12 bytes).
    Removing stm32f4xx_hal.o(i.HAL_GetTickFreq), (12 bytes).
    Removing stm32f4xx_hal.o(i.HAL_GetTickPrio), (12 bytes).
    Removing stm32f4xx_hal.o(i.HAL_GetUIDw0), (12 bytes).
    Removing stm32f4xx_hal.o(i.HAL_GetUIDw1), (12 bytes).
    Removing stm32f4xx_hal.o(i.HAL_GetUIDw2), (12 bytes).
    Removing stm32f4xx_hal.o(i.HAL_MspDeInit), (2 bytes).
    Removing stm32f4xx_hal.o(i.HAL_MspInit), (2 bytes).
    Removing stm32f4xx_hal.o(i.HAL_ResumeTick), (14 bytes).
    Removing stm32f4xx_hal.o(i.HAL_SetTickFreq), (28 bytes).
    Removing stm32f4xx_hal.o(i.HAL_SuspendTick), (14 bytes).
    Removing stm32f4xx_hal_exti.o(.rev16_text), (4 bytes).
    Removing stm32f4xx_hal_exti.o(.revsh_text), (4 bytes).
    Removing stm32f4xx_hal_exti.o(.rrx_text), (6 bytes).
    Removing stm32f4xx_hal_exti.o(i.HAL_EXTI_ClearConfigLine), (56 bytes).
    Removing stm32f4xx_hal_exti.o(i.HAL_EXTI_ClearPending), (12 bytes).
    Removing stm32f4xx_hal_exti.o(i.HAL_EXTI_GenerateSWI), (12 bytes).
    Removing stm32f4xx_hal_exti.o(i.HAL_EXTI_GetConfigLine), (108 bytes).
    Removing stm32f4xx_hal_exti.o(i.HAL_EXTI_GetHandle), (12 bytes).
    Removing stm32f4xx_hal_exti.o(i.HAL_EXTI_GetPending), (28 bytes).
    Removing stm32f4xx_hal_exti.o(i.HAL_EXTI_IRQHandler), (28 bytes).
    Removing stm32f4xx_hal_exti.o(i.HAL_EXTI_RegisterCallback), (14 bytes).
    Removing stm32f4xx_hal_exti.o(i.HAL_EXTI_SetConfigLine), (112 bytes).
    Removing system_stm32f4xx.o(.rev16_text), (4 bytes).
    Removing system_stm32f4xx.o(.revsh_text), (4 bytes).
    Removing system_stm32f4xx.o(.rrx_text), (6 bytes).
    Removing system_stm32f4xx.o(i.SystemCoreClockUpdate), (120 bytes).
    Removing mpu6050.o(.rev16_text), (4 bytes).
    Removing mpu6050.o(.revsh_text), (4 bytes).
    Removing mpu6050.o(.rrx_text), (6 bytes).
    Removing mpu6050.o(i.MPU6050_AccRead), (40 bytes).
    Removing mpu6050.o(i.MPU6050_GyroRead), (40 bytes).
    Removing mpu6050.o(i.MPU6050_TempRead), (60 bytes).
    Removing filter.o(.rev16_text), (4 bytes).
    Removing filter.o(.revsh_text), (4 bytes).
    Removing filter.o(.rrx_text), (6 bytes).
    Removing filter.o(i.IIR_2st_Filter), (98 bytes).
    Removing filter.o(i.IIR_4st_Filter), (162 bytes).
    Removing filter.o(i.LPF_1st_Filter), (38 bytes).
    Removing filter_test.o(i.Chebyshev50HzLPF), (196 bytes).
    Removing filter_test.o(.bss), (304 bytes).
    Removing filter_test.o(.data), (288 bytes).
    Removing iic.o(.rev16_text), (4 bytes).
    Removing iic.o(.revsh_text), (4 bytes).
    Removing iic.o(.rrx_text), (6 bytes).
    Removing iic.o(i.IIC_WriteMultByteToSlave), (80 bytes).
    Removing sw_wave.o(.rev16_text), (4 bytes).
    Removing sw_wave.o(.revsh_text), (4 bytes).
    Removing sw_wave.o(.rrx_text), (6 bytes).
    Removing sw_wave.o(i.SwDataSendFloat), (16 bytes).
    Removing sw_wave.o(i.SwDataSendFloatPro), (20 bytes).
    Removing sw_wave.o(i.SwDataSendInt16), (28 bytes).
    Removing sw_wave.o(i.SwDataSendInt32), (16 bytes).
    Removing sw_wave.o(i.SwDataSendInt8), (28 bytes).
    Removing sw_wave.o(i.SwDataSendUint16), (28 bytes).
    Removing sw_wave.o(i.SwDataSendUint32), (16 bytes).
    Removing sw_wave.o(i.SwDataSendUint8), (28 bytes).
    Removing sw_wave.o(i.SwDataWaveUpdate), (48 bytes).
    Removing sw_wave.o(i.SwSendWare), (52 bytes).
    Removing sw_wave.o(i.UsartSendData), (36 bytes).
    Removing dneg.o(.text), (6 bytes).

424 unused section(s) (total 26090 bytes) removed from the image.

==============================================================================

Image Symbol Table

    Local Symbols

    Symbol Name                              Value     Ov Type        Size  Object(Section)

    ../Drivers/STM32F4xx_HAL_Driver/Src/stm32f4xx_hal.c 0x00000000   Number         0  stm32f4xx_hal.o ABSOLUTE
    ../Drivers/STM32F4xx_HAL_Driver/Src/stm32f4xx_hal_cortex.c 0x00000000   Number         0  stm32f4xx_hal_cortex.o ABSOLUTE
    ../Drivers/STM32F4xx_HAL_Driver/Src/stm32f4xx_hal_dma.c 0x00000000   Number         0  stm32f4xx_hal_dma.o ABSOLUTE
    ../Drivers/STM32F4xx_HAL_Driver/Src/stm32f4xx_hal_dma_ex.c 0x00000000   Number         0  stm32f4xx_hal_dma_ex.o ABSOLUTE
    ../Drivers/STM32F4xx_HAL_Driver/Src/stm32f4xx_hal_exti.c 0x00000000   Number         0  stm32f4xx_hal_exti.o ABSOLUTE
    ../Drivers/STM32F4xx_HAL_Driver/Src/stm32f4xx_hal_flash.c 0x00000000   Number         0  stm32f4xx_hal_flash.o ABSOLUTE
    ../Drivers/STM32F4xx_HAL_Driver/Src/stm32f4xx_hal_flash_ex.c 0x00000000   Number         0  stm32f4xx_hal_flash_ex.o ABSOLUTE
    ../Drivers/STM32F4xx_HAL_Driver/Src/stm32f4xx_hal_flash_ramfunc.c 0x00000000   Number         0  stm32f4xx_hal_flash_ramfunc.o ABSOLUTE
    ../Drivers/STM32F4xx_HAL_Driver/Src/stm32f4xx_hal_gpio.c 0x00000000   Number         0  stm32f4xx_hal_gpio.o ABSOLUTE
    ../Drivers/STM32F4xx_HAL_Driver/Src/stm32f4xx_hal_pwr.c 0x00000000   Number         0  stm32f4xx_hal_pwr.o ABSOLUTE
    ../Drivers/STM32F4xx_HAL_Driver/Src/stm32f4xx_hal_pwr_ex.c 0x00000000   Number         0  stm32f4xx_hal_pwr_ex.o ABSOLUTE
    ../Drivers/STM32F4xx_HAL_Driver/Src/stm32f4xx_hal_rcc.c 0x00000000   Number         0  stm32f4xx_hal_rcc.o ABSOLUTE
    ../Drivers/STM32F4xx_HAL_Driver/Src/stm32f4xx_hal_rcc_ex.c 0x00000000   Number         0  stm32f4xx_hal_rcc_ex.o ABSOLUTE
    ../Drivers/STM32F4xx_HAL_Driver/Src/stm32f4xx_hal_tim.c 0x00000000   Number         0  stm32f4xx_hal_tim.o ABSOLUTE
    ../Drivers/STM32F4xx_HAL_Driver/Src/stm32f4xx_hal_tim_ex.c 0x00000000   Number         0  stm32f4xx_hal_tim_ex.o ABSOLUTE
    ../Drivers/STM32F4xx_HAL_Driver/Src/stm32f4xx_hal_uart.c 0x00000000   Number         0  stm32f4xx_hal_uart.o ABSOLUTE
    ../Src/gpio.c                            0x00000000   Number         0  gpio.o ABSOLUTE
    ../Src/main.c                            0x00000000   Number         0  main.o ABSOLUTE
    ../Src/stm32f4xx_hal_msp.c               0x00000000   Number         0  stm32f4xx_hal_msp.o ABSOLUTE
    ../Src/stm32f4xx_it.c                    0x00000000   Number         0  stm32f4xx_it.o ABSOLUTE
    ../Src/system_stm32f4xx.c                0x00000000   Number         0  system_stm32f4xx.o ABSOLUTE
    ../Src/tim.c                             0x00000000   Number         0  tim.o ABSOLUTE
    ../Src/usart.c                           0x00000000   Number         0  usart.o ABSOLUTE
    ../clib/microlib/division.c              0x00000000   Number         0  uidiv.o ABSOLUTE
    ../clib/microlib/division.c              0x00000000   Number         0  uldiv.o ABSOLUTE
    ../clib/microlib/errno.c                 0x00000000   Number         0  errno.o ABSOLUTE
    ../clib/microlib/init/entry.s            0x00000000   Number         0  entry8b.o ABSOLUTE
    ../clib/microlib/init/entry.s            0x00000000   Number         0  entry11b.o ABSOLUTE
    ../clib/microlib/init/entry.s            0x00000000   Number         0  entry11a.o ABSOLUTE
    ../clib/microlib/init/entry.s            0x00000000   Number         0  entry5.o ABSOLUTE
    ../clib/microlib/init/entry.s            0x00000000   Number         0  entry7b.o ABSOLUTE
    ../clib/microlib/init/entry.s            0x00000000   Number         0  entry7a.o ABSOLUTE
    ../clib/microlib/init/entry.s            0x00000000   Number         0  entry10b.o ABSOLUTE
    ../clib/microlib/init/entry.s            0x00000000   Number         0  entry8a.o ABSOLUTE
    ../clib/microlib/init/entry.s            0x00000000   Number         0  entry10a.o ABSOLUTE
    ../clib/microlib/init/entry.s            0x00000000   Number         0  entry9b.o ABSOLUTE
    ../clib/microlib/init/entry.s            0x00000000   Number         0  entry.o ABSOLUTE
    ../clib/microlib/init/entry.s            0x00000000   Number         0  entry9a.o ABSOLUTE
    ../clib/microlib/init/entry.s            0x00000000   Number         0  entry2.o ABSOLUTE
    ../clib/microlib/longlong.c              0x00000000   Number         0  llshl.o ABSOLUTE
    ../clib/microlib/longlong.c              0x00000000   Number         0  llsshr.o ABSOLUTE
    ../clib/microlib/longlong.c              0x00000000   Number         0  llushr.o ABSOLUTE
    ../clib/microlib/printf/printf.c         0x00000000   Number         0  printfb.o ABSOLUTE
    ../clib/microlib/printf/printf.c         0x00000000   Number         0  printf0.o ABSOLUTE
    ../clib/microlib/printf/printf.c         0x00000000   Number         0  printf1.o ABSOLUTE
    ../clib/microlib/printf/printf.c         0x00000000   Number         0  printf2.o ABSOLUTE
    ../clib/microlib/printf/printf.c         0x00000000   Number         0  printf3.o ABSOLUTE
    ../clib/microlib/printf/printf.c         0x00000000   Number         0  printf4.o ABSOLUTE
    ../clib/microlib/printf/printf.c         0x00000000   Number         0  printf5.o ABSOLUTE
    ../clib/microlib/printf/printf.c         0x00000000   Number         0  printfa.o ABSOLUTE
    ../clib/microlib/printf/printf.c         0x00000000   Number         0  printf8.o ABSOLUTE
    ../clib/microlib/printf/printf.c         0x00000000   Number         0  printf7.o ABSOLUTE
    ../clib/microlib/printf/printf.c         0x00000000   Number         0  printf6.o ABSOLUTE
    ../clib/microlib/printf/stubs.s          0x00000000   Number         0  stubs.o ABSOLUTE
    ../clib/microlib/stdio/streams.c         0x00000000   Number         0  stdout.o ABSOLUTE
    ../clib/microlib/string/memset.c         0x00000000   Number         0  memseta.o ABSOLUTE
    ../clib/microlib/stubs.s                 0x00000000   Number         0  iusefp.o ABSOLUTE
    ../fplib/microlib/f2d.c                  0x00000000   Number         0  f2d.o ABSOLUTE
    ../fplib/microlib/fpadd.c                0x00000000   Number         0  dadd.o ABSOLUTE
    ../fplib/microlib/fpdiv.c                0x00000000   Number         0  ddiv.o ABSOLUTE
    ../fplib/microlib/fpepilogue.c           0x00000000   Number         0  depilogue.o ABSOLUTE
    ../fplib/microlib/fpfix.c                0x00000000   Number         0  dfixui.o ABSOLUTE
    ../fplib/microlib/fpfix.c                0x00000000   Number         0  dfixul.o ABSOLUTE
    ../fplib/microlib/fpflt.c                0x00000000   Number         0  dflti.o ABSOLUTE
    ../fplib/microlib/fpmul.c                0x00000000   Number         0  dmul.o ABSOLUTE
    ../fplib/microlib/fpneg.c                0x00000000   Number         0  dneg.o ABSOLUTE
    ../mathlib/asinf.c                       0x00000000   Number         0  asinf_x.o ABSOLUTE
    ../mathlib/asinf.c                       0x00000000   Number         0  asinf.o ABSOLUTE
    ../mathlib/atan2f.c                      0x00000000   Number         0  atan2f_x.o ABSOLUTE
    ../mathlib/atan2f.c                      0x00000000   Number         0  atan2f.o ABSOLUTE
    ../mathlib/dunder.c                      0x00000000   Number         0  dunder.o ABSOLUTE
    ../mathlib/fpclassifyf.c                 0x00000000   Number         0  fpclassifyf.o ABSOLUTE
    ../mathlib/funder.c                      0x00000000   Number         0  funder.o ABSOLUTE
    ../mathlib/log.c                         0x00000000   Number         0  log_x.o ABSOLUTE
    ../mathlib/log.c                         0x00000000   Number         0  log.o ABSOLUTE
    ../mathlib/log10.c                       0x00000000   Number         0  log10_x.o ABSOLUTE
    ../mathlib/log10.c                       0x00000000   Number         0  log10.o ABSOLUTE
    ../mathlib/poly.c                        0x00000000   Number         0  poly.o ABSOLUTE
    ../mathlib/qnan.c                        0x00000000   Number         0  qnan.o ABSOLUTE
    ../mathlib/sqrtf.c                       0x00000000   Number         0  sqrtf_x.o ABSOLUTE
    ../mathlib/sqrtf.c                       0x00000000   Number         0  sqrtf.o ABSOLUTE
    ..\Drivers\STM32F4xx_HAL_Driver\Src\stm32f4xx_hal.c 0x00000000   Number         0  stm32f4xx_hal.o ABSOLUTE
    ..\Drivers\STM32F4xx_HAL_Driver\Src\stm32f4xx_hal_cortex.c 0x00000000   Number         0  stm32f4xx_hal_cortex.o ABSOLUTE
    ..\Drivers\STM32F4xx_HAL_Driver\Src\stm32f4xx_hal_dma.c 0x00000000   Number         0  stm32f4xx_hal_dma.o ABSOLUTE
    ..\Drivers\STM32F4xx_HAL_Driver\Src\stm32f4xx_hal_dma_ex.c 0x00000000   Number         0  stm32f4xx_hal_dma_ex.o ABSOLUTE
    ..\Drivers\STM32F4xx_HAL_Driver\Src\stm32f4xx_hal_exti.c 0x00000000   Number         0  stm32f4xx_hal_exti.o ABSOLUTE
    ..\Drivers\STM32F4xx_HAL_Driver\Src\stm32f4xx_hal_flash.c 0x00000000   Number         0  stm32f4xx_hal_flash.o ABSOLUTE
    ..\Drivers\STM32F4xx_HAL_Driver\Src\stm32f4xx_hal_flash_ex.c 0x00000000   Number         0  stm32f4xx_hal_flash_ex.o ABSOLUTE
    ..\Drivers\STM32F4xx_HAL_Driver\Src\stm32f4xx_hal_flash_ramfunc.c 0x00000000   Number         0  stm32f4xx_hal_flash_ramfunc.o ABSOLUTE
    ..\Drivers\STM32F4xx_HAL_Driver\Src\stm32f4xx_hal_gpio.c 0x00000000   Number         0  stm32f4xx_hal_gpio.o ABSOLUTE
    ..\Drivers\STM32F4xx_HAL_Driver\Src\stm32f4xx_hal_pwr.c 0x00000000   Number         0  stm32f4xx_hal_pwr.o ABSOLUTE
    ..\Drivers\STM32F4xx_HAL_Driver\Src\stm32f4xx_hal_pwr_ex.c 0x00000000   Number         0  stm32f4xx_hal_pwr_ex.o ABSOLUTE
    ..\Drivers\STM32F4xx_HAL_Driver\Src\stm32f4xx_hal_rcc.c 0x00000000   Number         0  stm32f4xx_hal_rcc.o ABSOLUTE
    ..\Drivers\STM32F4xx_HAL_Driver\Src\stm32f4xx_hal_rcc_ex.c 0x00000000   Number         0  stm32f4xx_hal_rcc_ex.o ABSOLUTE
    ..\Drivers\STM32F4xx_HAL_Driver\Src\stm32f4xx_hal_tim.c 0x00000000   Number         0  stm32f4xx_hal_tim.o ABSOLUTE
    ..\Drivers\STM32F4xx_HAL_Driver\Src\stm32f4xx_hal_tim_ex.c 0x00000000   Number         0  stm32f4xx_hal_tim_ex.o ABSOLUTE
    ..\Drivers\STM32F4xx_HAL_Driver\Src\stm32f4xx_hal_uart.c 0x00000000   Number         0  stm32f4xx_hal_uart.o ABSOLUTE
    ..\IMCALib\Module\IIC.c                  0x00000000   Number         0  iic.o ABSOLUTE
    ..\IMCALib\Task\filter.c                 0x00000000   Number         0  filter.o ABSOLUTE
    ..\IMCALib\Task\filter_test.c            0x00000000   Number         0  filter_test.o ABSOLUTE
    ..\IMCALib\Task\imu.c                    0x00000000   Number         0  imu.o ABSOLUTE
    ..\IMCALib\Task\mpu6050.c                0x00000000   Number         0  mpu6050.o ABSOLUTE
    ..\IMCALib\Tool\SW_Wave.c                0x00000000   Number         0  sw_wave.o ABSOLUTE
    ..\Src\gpio.c                            0x00000000   Number         0  gpio.o ABSOLUTE
    ..\Src\main.c                            0x00000000   Number         0  main.o ABSOLUTE
    ..\Src\stm32f4xx_hal_msp.c               0x00000000   Number         0  stm32f4xx_hal_msp.o ABSOLUTE
    ..\Src\stm32f4xx_it.c                    0x00000000   Number         0  stm32f4xx_it.o ABSOLUTE
    ..\Src\system_stm32f4xx.c                0x00000000   Number         0  system_stm32f4xx.o ABSOLUTE
    ..\Src\tim.c                             0x00000000   Number         0  tim.o ABSOLUTE
    ..\Src\usart.c                           0x00000000   Number         0  usart.o ABSOLUTE
    ..\\IMCALib\\Module\\IIC.c               0x00000000   Number         0  iic.o ABSOLUTE
    ..\\IMCALib\\Task\\filter.c              0x00000000   Number         0  filter.o ABSOLUTE
    ..\\IMCALib\\Task\\mpu6050.c             0x00000000   Number         0  mpu6050.o ABSOLUTE
    ..\\IMCALib\\Tool\\SW_Wave.c             0x00000000   Number         0  sw_wave.o ABSOLUTE
    cdcmple.s                                0x00000000   Number         0  cdcmple.o ABSOLUTE
    cdrcmple.s                               0x00000000   Number         0  cdrcmple.o ABSOLUTE
    dc.s                                     0x00000000   Number         0  dc.o ABSOLUTE
    handlers.s                               0x00000000   Number         0  handlers.o ABSOLUTE
    init.s                                   0x00000000   Number         0  init.o ABSOLUTE
    startup_stm32f407xx.s                    0x00000000   Number         0  startup_stm32f407xx.o ABSOLUTE
    RESET                                    0x08000000   Section      392  startup_stm32f407xx.o(RESET)
    .ARM.Collect$$$$00000000                 0x08000188   Section        0  entry.o(.ARM.Collect$$$$00000000)
    .ARM.Collect$$$$00000001                 0x08000188   Section        4  entry2.o(.ARM.Collect$$$$00000001)
    .ARM.Collect$$$$00000004                 0x0800018c   Section        4  entry5.o(.ARM.Collect$$$$00000004)
    .ARM.Collect$$$$00000008                 0x08000190   Section        0  entry7b.o(.ARM.Collect$$$$00000008)
    .ARM.Collect$$$$0000000A                 0x08000190   Section        0  entry8b.o(.ARM.Collect$$$$0000000A)
    .ARM.Collect$$$$0000000B                 0x08000190   Section        8  entry9a.o(.ARM.Collect$$$$0000000B)
    .ARM.Collect$$$$0000000D                 0x08000198   Section        0  entry10a.o(.ARM.Collect$$$$0000000D)
    .ARM.Collect$$$$0000000F                 0x08000198   Section        0  entry11a.o(.ARM.Collect$$$$0000000F)
    .ARM.Collect$$$$00002712                 0x08000198   Section        4  entry2.o(.ARM.Collect$$$$00002712)
    __lit__00000000                          0x08000198   Data           4  entry2.o(.ARM.Collect$$$$00002712)
    .text                                    0x0800019c   Section       36  startup_stm32f407xx.o(.text)
    $v0                                      0x0800019c   Number         0  startup_stm32f407xx.o(.text)
    .text                                    0x080001c0   Section        0  uldiv.o(.text)
    .text                                    0x08000222   Section        0  memseta.o(.text)
    .text                                    0x08000246   Section        0  dadd.o(.text)
    .text                                    0x08000394   Section        0  dmul.o(.text)
    .text                                    0x08000478   Section        0  ddiv.o(.text)
    .text                                    0x08000556   Section        0  dfixui.o(.text)
    .text                                    0x08000588   Section        0  f2d.o(.text)
    .text                                    0x080005ae   Section        0  uidiv.o(.text)
    .text                                    0x080005da   Section        0  llshl.o(.text)
    .text                                    0x080005f8   Section        0  llushr.o(.text)
    .text                                    0x08000618   Section        0  llsshr.o(.text)
    .text                                    0x0800063c   Section        0  iusefp.o(.text)
    .text                                    0x0800063c   Section        0  depilogue.o(.text)
    .text                                    0x080006f6   Section        0  dflti.o(.text)
    .text                                    0x08000718   Section        0  dfixul.o(.text)
    .text                                    0x08000748   Section       48  cdrcmple.o(.text)
    .text                                    0x08000778   Section       36  init.o(.text)
    .text                                    0x0800079c   Section       48  cdcmple.o(.text)
    i.BusFault_Handler                       0x080007cc   Section        0  stm32f4xx_it.o(i.BusFault_Handler)
    i.DebugMon_Handler                       0x080007ce   Section        0  stm32f4xx_it.o(i.DebugMon_Handler)
    i.Error_Handler                          0x080007d0   Section        0  main.o(i.Error_Handler)
    i.FindPos                                0x080007d2   Section        0  filter.o(i.FindPos)
    i.HAL_Delay                              0x08000844   Section        0  stm32f4xx_hal.o(i.HAL_Delay)
    i.HAL_GPIO_Init                          0x08000868   Section        0  stm32f4xx_hal_gpio.o(i.HAL_GPIO_Init)
    i.HAL_GPIO_ReadPin                       0x08000a18   Section        0  stm32f4xx_hal_gpio.o(i.HAL_GPIO_ReadPin)
    i.HAL_GPIO_TogglePin                     0x08000a22   Section        0  stm32f4xx_hal_gpio.o(i.HAL_GPIO_TogglePin)
    i.HAL_GPIO_WritePin                      0x08000a30   Section        0  stm32f4xx_hal_gpio.o(i.HAL_GPIO_WritePin)
    i.HAL_GetTick                            0x08000a3c   Section        0  stm32f4xx_hal.o(i.HAL_GetTick)
    i.HAL_IncTick                            0x08000a48   Section        0  stm32f4xx_hal.o(i.HAL_IncTick)
    i.HAL_Init                               0x08000a58   Section        0  stm32f4xx_hal.o(i.HAL_Init)
    i.HAL_InitTick                           0x08000a8c   Section        0  stm32f4xx_hal.o(i.HAL_InitTick)
    i.HAL_MspInit                            0x08000acc   Section        0  stm32f4xx_hal_msp.o(i.HAL_MspInit)
    i.HAL_NVIC_EnableIRQ                     0x08000afc   Section        0  stm32f4xx_hal_cortex.o(i.HAL_NVIC_EnableIRQ)
    i.HAL_NVIC_SetPriority                   0x08000b18   Section        0  stm32f4xx_hal_cortex.o(i.HAL_NVIC_SetPriority)
    i.HAL_NVIC_SetPriorityGrouping           0x08000b58   Section        0  stm32f4xx_hal_cortex.o(i.HAL_NVIC_SetPriorityGrouping)
    i.HAL_RCC_ClockConfig                    0x08000b7c   Section        0  stm32f4xx_hal_rcc.o(i.HAL_RCC_ClockConfig)
    i.HAL_RCC_GetPCLK1Freq                   0x08000cac   Section        0  stm32f4xx_hal_rcc.o(i.HAL_RCC_GetPCLK1Freq)
    i.HAL_RCC_GetPCLK2Freq                   0x08000ccc   Section        0  stm32f4xx_hal_rcc.o(i.HAL_RCC_GetPCLK2Freq)
    i.HAL_RCC_GetSysClockFreq                0x08000cec   Section        0  stm32f4xx_hal_rcc.o(i.HAL_RCC_GetSysClockFreq)
    i.HAL_RCC_OscConfig                      0x08000d4c   Section        0  stm32f4xx_hal_rcc.o(i.HAL_RCC_OscConfig)
    i.HAL_SYSTICK_Config                     0x08001068   Section        0  stm32f4xx_hal_cortex.o(i.HAL_SYSTICK_Config)
    i.HAL_TIMEx_BreakCallback                0x08001090   Section        0  stm32f4xx_hal_tim_ex.o(i.HAL_TIMEx_BreakCallback)
    i.HAL_TIMEx_CommutCallback               0x08001092   Section        0  stm32f4xx_hal_tim_ex.o(i.HAL_TIMEx_CommutCallback)
    i.HAL_TIMEx_MasterConfigSynchronization  0x08001094   Section        0  stm32f4xx_hal_tim_ex.o(i.HAL_TIMEx_MasterConfigSynchronization)
    i.HAL_TIM_Base_Init                      0x080010d6   Section        0  stm32f4xx_hal_tim.o(i.HAL_TIM_Base_Init)
    i.HAL_TIM_Base_MspInit                   0x0800110c   Section        0  tim.o(i.HAL_TIM_Base_MspInit)
    i.HAL_TIM_Base_Start_IT                  0x08001148   Section        0  stm32f4xx_hal_tim.o(i.HAL_TIM_Base_Start_IT)
    i.HAL_TIM_ConfigClockSource              0x0800116a   Section        0  stm32f4xx_hal_tim.o(i.HAL_TIM_ConfigClockSource)
    i.HAL_TIM_IC_CaptureCallback             0x08001240   Section        0  stm32f4xx_hal_tim.o(i.HAL_TIM_IC_CaptureCallback)
    i.HAL_TIM_IRQHandler                     0x08001242   Section        0  stm32f4xx_hal_tim.o(i.HAL_TIM_IRQHandler)
    i.HAL_TIM_OC_DelayElapsedCallback        0x080013a8   Section        0  stm32f4xx_hal_tim.o(i.HAL_TIM_OC_DelayElapsedCallback)
    i.HAL_TIM_PWM_PulseFinishedCallback      0x080013aa   Section        0  stm32f4xx_hal_tim.o(i.HAL_TIM_PWM_PulseFinishedCallback)
    i.HAL_TIM_PeriodElapsedCallback          0x080013ac   Section        0  main.o(i.HAL_TIM_PeriodElapsedCallback)
    i.HAL_TIM_TriggerCallback                0x080013e8   Section        0  stm32f4xx_hal_tim.o(i.HAL_TIM_TriggerCallback)
    i.HAL_UART_Init                          0x080013ea   Section        0  stm32f4xx_hal_uart.o(i.HAL_UART_Init)
    i.HAL_UART_MspInit                       0x0800144c   Section        0  usart.o(i.HAL_UART_MspInit)
    i.HAL_UART_Transmit                      0x080014b8   Section        0  stm32f4xx_hal_uart.o(i.HAL_UART_Transmit)
    i.HardFault_Handler                      0x08001572   Section        0  stm32f4xx_it.o(i.HardFault_Handler)
    i.IIC_Ack                                0x08001574   Section        0  iic.o(i.IIC_Ack)
    i.IIC_Delay                              0x08001658   Section        0  iic.o(i.IIC_Delay)
    i.IIC_NAck                               0x08001664   Section        0  iic.o(i.IIC_NAck)
    i.IIC_ReadByte                           0x08001748   Section        0  iic.o(i.IIC_ReadByte)
    i.IIC_ReadByteFromSlave                  0x08001820   Section        0  iic.o(i.IIC_ReadByteFromSlave)
    i.IIC_ReadMultByteFromSlave              0x0800186a   Section        0  iic.o(i.IIC_ReadMultByteFromSlave)
    i.IIC_SendByte                           0x080018d0   Section        0  iic.o(i.IIC_SendByte)
    i.IIC_Start                              0x080019d0   Section        0  iic.o(i.IIC_Start)
    i.IIC_Stop                               0x08001ab4   Section        0  iic.o(i.IIC_Stop)
    i.IIC_WaitAck                            0x08001b98   Section        0  iic.o(i.IIC_WaitAck)
    i.IIC_WriteByteToSlave                   0x08001c6c   Section        0  iic.o(i.IIC_WriteByteToSlave)
    i.IIR_Filter_Init                        0x08001cac   Section        0  filter.o(i.IIR_Filter_Init)
    i.MPU6050_Check                          0x08001d3c   Section        0  mpu6050.o(i.MPU6050_Check)
    i.MPU6050_Init                           0x08001d8c   Section        0  mpu6050.o(i.MPU6050_Init)
    i.MPU6050_Read                           0x08001de8   Section        0  mpu6050.o(i.MPU6050_Read)
    i.MPU6050_ReadByte                       0x08001f10   Section        0  mpu6050.o(i.MPU6050_ReadByte)
    i.MPU6050_ReadMultBytes                  0x08001f24   Section        0  mpu6050.o(i.MPU6050_ReadMultBytes)
    i.MPU6050_WriteByte                      0x08001f3a   Section        0  mpu6050.o(i.MPU6050_WriteByte)
    i.MPU6050_getDeviceID                    0x08001f4e   Section        0  mpu6050.o(i.MPU6050_getDeviceID)
    i.MPU6050_testConnection                 0x08001f5e   Section        0  mpu6050.o(i.MPU6050_testConnection)
    i.MPU_Offset_cali                        0x08001f70   Section        0  mpu6050.o(i.MPU_Offset_cali)
    i.MX_GPIO_Init                           0x08001fe8   Section        0  gpio.o(i.MX_GPIO_Init)
    i.MX_TIM3_Init                           0x0800208c   Section        0  tim.o(i.MX_TIM3_Init)
    i.MX_USART1_UART_Init                    0x080020f4   Section        0  usart.o(i.MX_USART1_UART_Init)
    i.MahonyAHRSupdateIMU                    0x0800212c   Section        0  imu.o(i.MahonyAHRSupdateIMU)
    i.MemManage_Handler                      0x08002438   Section        0  stm32f4xx_it.o(i.MemManage_Handler)
    i.NMI_Handler                            0x0800243a   Section        0  stm32f4xx_it.o(i.NMI_Handler)
    i.PendSV_Handler                         0x0800243c   Section        0  stm32f4xx_it.o(i.PendSV_Handler)
    i.QuiteSort                              0x0800243e   Section        0  filter.o(i.QuiteSort)
    i.SVC_Handler                            0x0800246a   Section        0  stm32f4xx_it.o(i.SVC_Handler)
    i.SortAver_FilterAcc                     0x0800246c   Section        0  filter.o(i.SortAver_FilterAcc)
    i.SortAver_FilterGyro                    0x08002590   Section        0  filter.o(i.SortAver_FilterGyro)
    i.SysTick_Handler                        0x080026b4   Section        0  stm32f4xx_it.o(i.SysTick_Handler)
    i.SystemClock_Config                     0x080026b8   Section        0  main.o(i.SystemClock_Config)
    i.SystemInit                             0x0800273c   Section        0  system_stm32f4xx.o(i.SystemInit)
    i.TIM3_IRQHandler                        0x08002790   Section        0  stm32f4xx_it.o(i.TIM3_IRQHandler)
    i.TIM_Base_SetConfig                     0x0800279c   Section        0  stm32f4xx_hal_tim.o(i.TIM_Base_SetConfig)
    i.TIM_ETR_SetConfig                      0x08002864   Section        0  stm32f4xx_hal_tim.o(i.TIM_ETR_SetConfig)
    i.TIM_ITRx_SetConfig                     0x08002878   Section        0  stm32f4xx_hal_tim.o(i.TIM_ITRx_SetConfig)
    TIM_ITRx_SetConfig                       0x08002879   Thumb Code    16  stm32f4xx_hal_tim.o(i.TIM_ITRx_SetConfig)
    i.TIM_TI1_ConfigInputStage               0x08002888   Section        0  stm32f4xx_hal_tim.o(i.TIM_TI1_ConfigInputStage)
    TIM_TI1_ConfigInputStage                 0x08002889   Thumb Code    34  stm32f4xx_hal_tim.o(i.TIM_TI1_ConfigInputStage)
    i.TIM_TI2_ConfigInputStage               0x080028aa   Section        0  stm32f4xx_hal_tim.o(i.TIM_TI2_ConfigInputStage)
    TIM_TI2_ConfigInputStage                 0x080028ab   Thumb Code    36  stm32f4xx_hal_tim.o(i.TIM_TI2_ConfigInputStage)
    i.UART_SetConfig                         0x080028d0   Section        0  stm32f4xx_hal_uart.o(i.UART_SetConfig)
    UART_SetConfig                           0x080028d1   Thumb Code   676  stm32f4xx_hal_uart.o(i.UART_SetConfig)
    i.UART_WaitOnFlagUntilTimeout            0x08002b7c   Section        0  stm32f4xx_hal_uart.o(i.UART_WaitOnFlagUntilTimeout)
    UART_WaitOnFlagUntilTimeout              0x08002b7d   Thumb Code   100  stm32f4xx_hal_uart.o(i.UART_WaitOnFlagUntilTimeout)
    i.UsageFault_Handler                     0x08002be0   Section        0  stm32f4xx_it.o(i.UsageFault_Handler)
    i.__0printf                              0x08002be4   Section        0  printfa.o(i.__0printf)
    i.__ARM_fpclassifyf                      0x08002c04   Section        0  fpclassifyf.o(i.__ARM_fpclassifyf)
    i.__NVIC_SetPriority                     0x08002c2a   Section        0  stm32f4xx_hal_cortex.o(i.__NVIC_SetPriority)
    __NVIC_SetPriority                       0x08002c2b   Thumb Code    32  stm32f4xx_hal_cortex.o(i.__NVIC_SetPriority)
    i.__hardfp_asinf                         0x08002c4c   Section        0  asinf.o(i.__hardfp_asinf)
    i.__hardfp_atan2f                        0x08002d78   Section        0  atan2f.o(i.__hardfp_atan2f)
    i.__hardfp_log                           0x08002fc8   Section        0  log.o(i.__hardfp_log)
    i.__hardfp_log10                         0x08003390   Section        0  log10.o(i.__hardfp_log10)
    i.__kernel_poly                          0x080034c0   Section        0  poly.o(i.__kernel_poly)
    i.__mathlib_dbl_divzero                  0x080035b8   Section        0  dunder.o(i.__mathlib_dbl_divzero)
    i.__mathlib_dbl_infnan                   0x080035e8   Section        0  dunder.o(i.__mathlib_dbl_infnan)
    i.__mathlib_dbl_invalid                  0x08003600   Section        0  dunder.o(i.__mathlib_dbl_invalid)
    i.__mathlib_flt_infnan                   0x08003620   Section        0  funder.o(i.__mathlib_flt_infnan)
    i.__mathlib_flt_infnan2                  0x08003626   Section        0  funder.o(i.__mathlib_flt_infnan2)
    i.__mathlib_flt_invalid                  0x0800362c   Section        0  funder.o(i.__mathlib_flt_invalid)
    i.__mathlib_flt_underflow                0x0800363c   Section        0  funder.o(i.__mathlib_flt_underflow)
    i.__scatterload_copy                     0x0800364c   Section       14  handlers.o(i.__scatterload_copy)
    i.__scatterload_null                     0x0800365a   Section        2  handlers.o(i.__scatterload_null)
    i.__scatterload_zeroinit                 0x0800365c   Section       14  handlers.o(i.__scatterload_zeroinit)
    i.__set_errno                            0x0800366c   Section        0  errno.o(i.__set_errno)
    i._fp_digits                             0x08003678   Section        0  printfa.o(i._fp_digits)
    _fp_digits                               0x08003679   Thumb Code   366  printfa.o(i._fp_digits)
    i._printf_core                           0x080037fc   Section        0  printfa.o(i._printf_core)
    _printf_core                             0x080037fd   Thumb Code  1744  printfa.o(i._printf_core)
    i._printf_post_padding                   0x08003ed8   Section        0  printfa.o(i._printf_post_padding)
    _printf_post_padding                     0x08003ed9   Thumb Code    36  printfa.o(i._printf_post_padding)
    i._printf_pre_padding                    0x08003efc   Section        0  printfa.o(i._printf_pre_padding)
    _printf_pre_padding                      0x08003efd   Thumb Code    46  printfa.o(i._printf_pre_padding)
    i.fputc                                  0x08003f2c   Section        0  usart.o(i.fputc)
    i.invSqrt                                0x08003f44   Section        0  imu.o(i.invSqrt)
    i.log                                    0x08003f70   Section        0  log.o(i.log)
    i.main                                   0x08003f80   Section        0  main.o(i.main)
    i.sqrtf                                  0x08004034   Section        0  sqrtf.o(i.sqrtf)
    .constdata                               0x08004072   Section       16  system_stm32f4xx.o(.constdata)
    .constdata                               0x08004082   Section        8  system_stm32f4xx.o(.constdata)
    .constdata                               0x08004090   Section       56  log.o(.constdata)
    Lg2                                      0x08004090   Data          24  log.o(.constdata)
    Lg                                       0x080040a8   Data          32  log.o(.constdata)
    .constdata                               0x080040c8   Section        8  qnan.o(.constdata)
    .data                                    0x20000000   Section        6  main.o(.data)
    ms1                                      0x20000002   Data           2  main.o(.data)
    ms50                                     0x20000004   Data           2  main.o(.data)
    .data                                    0x20000008   Section       12  stm32f4xx_hal.o(.data)
    .data                                    0x20000014   Section        4  system_stm32f4xx.o(.data)
    .data                                    0x20000018   Section       28  imu.o(.data)
    .data                                    0x20000034   Section       68  filter.o(.data)
    cnt                                      0x20000034   Data           1  filter.o(.data)
    flag                                     0x20000035   Data           1  filter.o(.data)
    cnt                                      0x20000036   Data           1  filter.o(.data)
    flag                                     0x20000037   Data           1  filter.o(.data)
    .data                                    0x20000078   Section        4  stdout.o(.data)
    .data                                    0x2000007c   Section        4  errno.o(.data)
    _errno                                   0x2000007c   Data           4  errno.o(.data)
    .bss                                     0x20000080   Section       64  tim.o(.bss)
    .bss                                     0x200000c0   Section       64  usart.o(.bss)
    .bss                                     0x20000100   Section       76  mpu6050.o(.bss)
    MPU6050_buff                             0x20000100   Data          14  mpu6050.o(.bss)
    .bss                                     0x2000014c   Section       40  imu.o(.bss)
    .bss                                     0x20000174   Section      912  filter.o(.bss)
    bufx                                     0x20000174   Data          80  filter.o(.bss)
    bufy                                     0x200001c4   Data          80  filter.o(.bss)
    bufz                                     0x20000214   Data          80  filter.o(.bss)
    bufx                                     0x20000264   Data          80  filter.o(.bss)
    bufy                                     0x200002b4   Data          80  filter.o(.bss)
    bufz                                     0x20000304   Data          80  filter.o(.bss)
    STACK                                    0x20000508   Section     1024  startup_stm32f407xx.o(STACK)

    Global Symbols

    Symbol Name                              Value     Ov Type        Size  Object(Section)

    BuildAttributes$$THM_ISAv4$E$P$D$K$B$S$7EM$VFPi3$EXTD16$VFPS$VFMA$PE$A:L22UL41UL21$X:L11$S22US41US21$IEEE1$IW$USESV6$~STKCKD$USESV7$~SHL$OTIME$ROPI$IEEEX$EBA8$MICROLIB$REQ8$PRES8$EABIv2 0x00000000   Number         0  anon$$obj.o ABSOLUTE
    __ARM_use_no_argv                        0x00000000   Number         0  main.o ABSOLUTE
    _printf_a                                0x00000000   Number         0  stubs.o ABSOLUTE
    _printf_c                                0x00000000   Number         0  stubs.o ABSOLUTE
    _printf_charcount                        0x00000000   Number         0  stubs.o ABSOLUTE
    _printf_d                                0x00000000   Number         0  stubs.o ABSOLUTE
    _printf_e                                0x00000000   Number         0  stubs.o ABSOLUTE
    _printf_f                                0x00000000   Number         0  stubs.o ABSOLUTE
    _printf_flags                            0x00000000   Number         0  stubs.o ABSOLUTE
    _printf_fp_dec                           0x00000000   Number         0  stubs.o ABSOLUTE
    _printf_fp_hex                           0x00000000   Number         0  stubs.o ABSOLUTE
    _printf_g                                0x00000000   Number         0  stubs.o ABSOLUTE
    _printf_i                                0x00000000   Number         0  stubs.o ABSOLUTE
    _printf_int_dec                          0x00000000   Number         0  stubs.o ABSOLUTE
    _printf_l                                0x00000000   Number         0  stubs.o ABSOLUTE
    _printf_lc                               0x00000000   Number         0  stubs.o ABSOLUTE
    _printf_ll                               0x00000000   Number         0  stubs.o ABSOLUTE
    _printf_lld                              0x00000000   Number         0  stubs.o ABSOLUTE
    _printf_lli                              0x00000000   Number         0  stubs.o ABSOLUTE
    _printf_llo                              0x00000000   Number         0  stubs.o ABSOLUTE
    _printf_llu                              0x00000000   Number         0  stubs.o ABSOLUTE
    _printf_llx                              0x00000000   Number         0  stubs.o ABSOLUTE
    _printf_longlong_dec                     0x00000000   Number         0  stubs.o ABSOLUTE
    _printf_longlong_hex                     0x00000000   Number         0  stubs.o ABSOLUTE
    _printf_longlong_oct                     0x00000000   Number         0  stubs.o ABSOLUTE
    _printf_ls                               0x00000000   Number         0  stubs.o ABSOLUTE
    _printf_mbtowc                           0x00000000   Number         0  stubs.o ABSOLUTE
    _printf_n                                0x00000000   Number         0  stubs.o ABSOLUTE
    _printf_o                                0x00000000   Number         0  stubs.o ABSOLUTE
    _printf_p                                0x00000000   Number         0  stubs.o ABSOLUTE
    _printf_percent                          0x00000000   Number         0  stubs.o ABSOLUTE
    _printf_pre_padding                      0x00000000   Number         0  stubs.o ABSOLUTE
    _printf_return_value                     0x00000000   Number         0  stubs.o ABSOLUTE
    _printf_s                                0x00000000   Number         0  stubs.o ABSOLUTE
    _printf_sizespec                         0x00000000   Number         0  stubs.o ABSOLUTE
    _printf_str                              0x00000000   Number         0  stubs.o ABSOLUTE
    _printf_truncate_signed                  0x00000000   Number         0  stubs.o ABSOLUTE
    _printf_truncate_unsigned                0x00000000   Number         0  stubs.o ABSOLUTE
    _printf_u                                0x00000000   Number         0  stubs.o ABSOLUTE
    _printf_wc                               0x00000000   Number         0  stubs.o ABSOLUTE
    _printf_wctomb                           0x00000000   Number         0  stubs.o ABSOLUTE
    _printf_widthprec                        0x00000000   Number         0  stubs.o ABSOLUTE
    _printf_x                                0x00000000   Number         0  stubs.o ABSOLUTE
    __cpp_initialize__aeabi_                  - Undefined Weak Reference
    __cxa_finalize                            - Undefined Weak Reference
    __decompress                              - Undefined Weak Reference
    _clock_init                               - Undefined Weak Reference
    _microlib_exit                            - Undefined Weak Reference
    __Vectors_Size                           0x00000188   Number         0  startup_stm32f407xx.o ABSOLUTE
    __Vectors                                0x08000000   Data           4  startup_stm32f407xx.o(RESET)
    __Vectors_End                            0x08000188   Data           0  startup_stm32f407xx.o(RESET)
    __main                                   0x08000189   Thumb Code     0  entry.o(.ARM.Collect$$$$00000000)
    _main_stk                                0x08000189   Thumb Code     0  entry2.o(.ARM.Collect$$$$00000001)
    _main_scatterload                        0x0800018d   Thumb Code     0  entry5.o(.ARM.Collect$$$$00000004)
    __main_after_scatterload                 0x08000191   Thumb Code     0  entry5.o(.ARM.Collect$$$$00000004)
    _main_clock                              0x08000191   Thumb Code     0  entry7b.o(.ARM.Collect$$$$00000008)
    _main_cpp_init                           0x08000191   Thumb Code     0  entry8b.o(.ARM.Collect$$$$0000000A)
    _main_init                               0x08000191   Thumb Code     0  entry9a.o(.ARM.Collect$$$$0000000B)
    __rt_final_cpp                           0x08000199   Thumb Code     0  entry10a.o(.ARM.Collect$$$$0000000D)
    __rt_final_exit                          0x08000199   Thumb Code     0  entry11a.o(.ARM.Collect$$$$0000000F)
    Reset_Handler                            0x0800019d   Thumb Code     8  startup_stm32f407xx.o(.text)
    ADC_IRQHandler                           0x080001b7   Thumb Code     0  startup_stm32f407xx.o(.text)
    CAN1_RX0_IRQHandler                      0x080001b7   Thumb Code     0  startup_stm32f407xx.o(.text)
    CAN1_RX1_IRQHandler                      0x080001b7   Thumb Code     0  startup_stm32f407xx.o(.text)
    CAN1_SCE_IRQHandler                      0x080001b7   Thumb Code     0  startup_stm32f407xx.o(.text)
    CAN1_TX_IRQHandler                       0x080001b7   Thumb Code     0  startup_stm32f407xx.o(.text)
    CAN2_RX0_IRQHandler                      0x080001b7   Thumb Code     0  startup_stm32f407xx.o(.text)
    CAN2_RX1_IRQHandler                      0x080001b7   Thumb Code     0  startup_stm32f407xx.o(.text)
    CAN2_SCE_IRQHandler                      0x080001b7   Thumb Code     0  startup_stm32f407xx.o(.text)
    CAN2_TX_IRQHandler                       0x080001b7   Thumb Code     0  startup_stm32f407xx.o(.text)
    DCMI_IRQHandler                          0x080001b7   Thumb Code     0  startup_stm32f407xx.o(.text)
    DMA1_Stream0_IRQHandler                  0x080001b7   Thumb Code     0  startup_stm32f407xx.o(.text)
    DMA1_Stream1_IRQHandler                  0x080001b7   Thumb Code     0  startup_stm32f407xx.o(.text)
    DMA1_Stream2_IRQHandler                  0x080001b7   Thumb Code     0  startup_stm32f407xx.o(.text)
    DMA1_Stream3_IRQHandler                  0x080001b7   Thumb Code     0  startup_stm32f407xx.o(.text)
    DMA1_Stream4_IRQHandler                  0x080001b7   Thumb Code     0  startup_stm32f407xx.o(.text)
    DMA1_Stream5_IRQHandler                  0x080001b7   Thumb Code     0  startup_stm32f407xx.o(.text)
    DMA1_Stream6_IRQHandler                  0x080001b7   Thumb Code     0  startup_stm32f407xx.o(.text)
    DMA1_Stream7_IRQHandler                  0x080001b7   Thumb Code     0  startup_stm32f407xx.o(.text)
    DMA2_Stream0_IRQHandler                  0x080001b7   Thumb Code     0  startup_stm32f407xx.o(.text)
    DMA2_Stream1_IRQHandler                  0x080001b7   Thumb Code     0  startup_stm32f407xx.o(.text)
    DMA2_Stream2_IRQHandler                  0x080001b7   Thumb Code     0  startup_stm32f407xx.o(.text)
    DMA2_Stream3_IRQHandler                  0x080001b7   Thumb Code     0  startup_stm32f407xx.o(.text)
    DMA2_Stream4_IRQHandler                  0x080001b7   Thumb Code     0  startup_stm32f407xx.o(.text)
    DMA2_Stream5_IRQHandler                  0x080001b7   Thumb Code     0  startup_stm32f407xx.o(.text)
    DMA2_Stream6_IRQHandler                  0x080001b7   Thumb Code     0  startup_stm32f407xx.o(.text)
    DMA2_Stream7_IRQHandler                  0x080001b7   Thumb Code     0  startup_stm32f407xx.o(.text)
    ETH_IRQHandler                           0x080001b7   Thumb Code     0  startup_stm32f407xx.o(.text)
    ETH_WKUP_IRQHandler                      0x080001b7   Thumb Code     0  startup_stm32f407xx.o(.text)
    EXTI0_IRQHandler                         0x080001b7   Thumb Code     0  startup_stm32f407xx.o(.text)
    EXTI15_10_IRQHandler                     0x080001b7   Thumb Code     0  startup_stm32f407xx.o(.text)
    EXTI1_IRQHandler                         0x080001b7   Thumb Code     0  startup_stm32f407xx.o(.text)
    EXTI2_IRQHandler                         0x080001b7   Thumb Code     0  startup_stm32f407xx.o(.text)
    EXTI3_IRQHandler                         0x080001b7   Thumb Code     0  startup_stm32f407xx.o(.text)
    EXTI4_IRQHandler                         0x080001b7   Thumb Code     0  startup_stm32f407xx.o(.text)
    EXTI9_5_IRQHandler                       0x080001b7   Thumb Code     0  startup_stm32f407xx.o(.text)
    FLASH_IRQHandler                         0x080001b7   Thumb Code     0  startup_stm32f407xx.o(.text)
    FMC_IRQHandler                           0x080001b7   Thumb Code     0  startup_stm32f407xx.o(.text)
    FPU_IRQHandler                           0x080001b7   Thumb Code     0  startup_stm32f407xx.o(.text)
    HASH_RNG_IRQHandler                      0x080001b7   Thumb Code     0  startup_stm32f407xx.o(.text)
    I2C1_ER_IRQHandler                       0x080001b7   Thumb Code     0  startup_stm32f407xx.o(.text)
    I2C1_EV_IRQHandler                       0x080001b7   Thumb Code     0  startup_stm32f407xx.o(.text)
    I2C2_ER_IRQHandler                       0x080001b7   Thumb Code     0  startup_stm32f407xx.o(.text)
    I2C2_EV_IRQHandler                       0x080001b7   Thumb Code     0  startup_stm32f407xx.o(.text)
    I2C3_ER_IRQHandler                       0x080001b7   Thumb Code     0  startup_stm32f407xx.o(.text)
    I2C3_EV_IRQHandler                       0x080001b7   Thumb Code     0  startup_stm32f407xx.o(.text)
    OTG_FS_IRQHandler                        0x080001b7   Thumb Code     0  startup_stm32f407xx.o(.text)
    OTG_FS_WKUP_IRQHandler                   0x080001b7   Thumb Code     0  startup_stm32f407xx.o(.text)
    OTG_HS_EP1_IN_IRQHandler                 0x080001b7   Thumb Code     0  startup_stm32f407xx.o(.text)
    OTG_HS_EP1_OUT_IRQHandler                0x080001b7   Thumb Code     0  startup_stm32f407xx.o(.text)
    OTG_HS_IRQHandler                        0x080001b7   Thumb Code     0  startup_stm32f407xx.o(.text)
    OTG_HS_WKUP_IRQHandler                   0x080001b7   Thumb Code     0  startup_stm32f407xx.o(.text)
    PVD_IRQHandler                           0x080001b7   Thumb Code     0  startup_stm32f407xx.o(.text)
    RCC_IRQHandler                           0x080001b7   Thumb Code     0  startup_stm32f407xx.o(.text)
    RTC_Alarm_IRQHandler                     0x080001b7   Thumb Code     0  startup_stm32f407xx.o(.text)
    RTC_WKUP_IRQHandler                      0x080001b7   Thumb Code     0  startup_stm32f407xx.o(.text)
    SDIO_IRQHandler                          0x080001b7   Thumb Code     0  startup_stm32f407xx.o(.text)
    SPI1_IRQHandler                          0x080001b7   Thumb Code     0  startup_stm32f407xx.o(.text)
    SPI2_IRQHandler                          0x080001b7   Thumb Code     0  startup_stm32f407xx.o(.text)
    SPI3_IRQHandler                          0x080001b7   Thumb Code     0  startup_stm32f407xx.o(.text)
    TAMP_STAMP_IRQHandler                    0x080001b7   Thumb Code     0  startup_stm32f407xx.o(.text)
    TIM1_BRK_TIM9_IRQHandler                 0x080001b7   Thumb Code     0  startup_stm32f407xx.o(.text)
    TIM1_CC_IRQHandler                       0x080001b7   Thumb Code     0  startup_stm32f407xx.o(.text)
    TIM1_TRG_COM_TIM11_IRQHandler            0x080001b7   Thumb Code     0  startup_stm32f407xx.o(.text)
    TIM1_UP_TIM10_IRQHandler                 0x080001b7   Thumb Code     0  startup_stm32f407xx.o(.text)
    TIM2_IRQHandler                          0x080001b7   Thumb Code     0  startup_stm32f407xx.o(.text)
    TIM4_IRQHandler                          0x080001b7   Thumb Code     0  startup_stm32f407xx.o(.text)
    TIM5_IRQHandler                          0x080001b7   Thumb Code     0  startup_stm32f407xx.o(.text)
    TIM6_DAC_IRQHandler                      0x080001b7   Thumb Code     0  startup_stm32f407xx.o(.text)
    TIM7_IRQHandler                          0x080001b7   Thumb Code     0  startup_stm32f407xx.o(.text)
    TIM8_BRK_TIM12_IRQHandler                0x080001b7   Thumb Code     0  startup_stm32f407xx.o(.text)
    TIM8_CC_IRQHandler                       0x080001b7   Thumb Code     0  startup_stm32f407xx.o(.text)
    TIM8_TRG_COM_TIM14_IRQHandler            0x080001b7   Thumb Code     0  startup_stm32f407xx.o(.text)
    TIM8_UP_TIM13_IRQHandler                 0x080001b7   Thumb Code     0  startup_stm32f407xx.o(.text)
    UART4_IRQHandler                         0x080001b7   Thumb Code     0  startup_stm32f407xx.o(.text)
    UART5_IRQHandler                         0x080001b7   Thumb Code     0  startup_stm32f407xx.o(.text)
    USART1_IRQHandler                        0x080001b7   Thumb Code     0  startup_stm32f407xx.o(.text)
    USART2_IRQHandler                        0x080001b7   Thumb Code     0  startup_stm32f407xx.o(.text)
    USART3_IRQHandler                        0x080001b7   Thumb Code     0  startup_stm32f407xx.o(.text)
    USART6_IRQHandler                        0x080001b7   Thumb Code     0  startup_stm32f407xx.o(.text)
    WWDG_IRQHandler                          0x080001b7   Thumb Code     0  startup_stm32f407xx.o(.text)
    __aeabi_uldivmod                         0x080001c1   Thumb Code    98  uldiv.o(.text)
    __aeabi_memset                           0x08000223   Thumb Code    14  memseta.o(.text)
    __aeabi_memset4                          0x08000223   Thumb Code     0  memseta.o(.text)
    __aeabi_memset8                          0x08000223   Thumb Code     0  memseta.o(.text)
    __aeabi_memclr                           0x08000231   Thumb Code     4  memseta.o(.text)
    __aeabi_memclr4                          0x08000231   Thumb Code     0  memseta.o(.text)
    __aeabi_memclr8                          0x08000231   Thumb Code     0  memseta.o(.text)
    _memset$wrapper                          0x08000235   Thumb Code    18  memseta.o(.text)
    __aeabi_dadd                             0x08000247   Thumb Code   322  dadd.o(.text)
    __aeabi_dsub                             0x08000389   Thumb Code     6  dadd.o(.text)
    __aeabi_drsub                            0x0800038f   Thumb Code     6  dadd.o(.text)
    __aeabi_dmul                             0x08000395   Thumb Code   228  dmul.o(.text)
    __aeabi_ddiv                             0x08000479   Thumb Code   222  ddiv.o(.text)
    __aeabi_d2uiz                            0x08000557   Thumb Code    50  dfixui.o(.text)
    __aeabi_f2d                              0x08000589   Thumb Code    38  f2d.o(.text)
    __aeabi_uidiv                            0x080005af   Thumb Code     0  uidiv.o(.text)
    __aeabi_uidivmod                         0x080005af   Thumb Code    44  uidiv.o(.text)
    __aeabi_llsl                             0x080005db   Thumb Code    30  llshl.o(.text)
    _ll_shift_l                              0x080005db   Thumb Code     0  llshl.o(.text)
    __aeabi_llsr                             0x080005f9   Thumb Code    32  llushr.o(.text)
    _ll_ushift_r                             0x080005f9   Thumb Code     0  llushr.o(.text)
    __aeabi_lasr                             0x08000619   Thumb Code    36  llsshr.o(.text)
    _ll_sshift_r                             0x08000619   Thumb Code     0  llsshr.o(.text)
    __I$use$fp                               0x0800063d   Thumb Code     0  iusefp.o(.text)
    _double_round                            0x0800063d   Thumb Code    30  depilogue.o(.text)
    _double_epilogue                         0x0800065b   Thumb Code   156  depilogue.o(.text)
    __aeabi_i2d                              0x080006f7   Thumb Code    34  dflti.o(.text)
    __aeabi_d2ulz                            0x08000719   Thumb Code    48  dfixul.o(.text)
    __aeabi_cdrcmple                         0x08000749   Thumb Code    48  cdrcmple.o(.text)
    __scatterload                            0x08000779   Thumb Code    28  init.o(.text)
    __scatterload_rt2                        0x08000779   Thumb Code     0  init.o(.text)
    __aeabi_cdcmpeq                          0x0800079d   Thumb Code     0  cdcmple.o(.text)
    __aeabi_cdcmple                          0x0800079d   Thumb Code    48  cdcmple.o(.text)
    BusFault_Handler                         0x080007cd   Thumb Code     2  stm32f4xx_it.o(i.BusFault_Handler)
    DebugMon_Handler                         0x080007cf   Thumb Code     2  stm32f4xx_it.o(i.DebugMon_Handler)
    Error_Handler                            0x080007d1   Thumb Code     2  main.o(i.Error_Handler)
    FindPos                                  0x080007d3   Thumb Code   112  filter.o(i.FindPos)
    HAL_Delay                                0x08000845   Thumb Code    32  stm32f4xx_hal.o(i.HAL_Delay)
    HAL_GPIO_Init                            0x08000869   Thumb Code   388  stm32f4xx_hal_gpio.o(i.HAL_GPIO_Init)
    HAL_GPIO_ReadPin                         0x08000a19   Thumb Code    10  stm32f4xx_hal_gpio.o(i.HAL_GPIO_ReadPin)
    HAL_GPIO_TogglePin                       0x08000a23   Thumb Code    14  stm32f4xx_hal_gpio.o(i.HAL_GPIO_TogglePin)
    HAL_GPIO_WritePin                        0x08000a31   Thumb Code    10  stm32f4xx_hal_gpio.o(i.HAL_GPIO_WritePin)
    HAL_GetTick                              0x08000a3d   Thumb Code     6  stm32f4xx_hal.o(i.HAL_GetTick)
    HAL_IncTick                              0x08000a49   Thumb Code    12  stm32f4xx_hal.o(i.HAL_IncTick)
    HAL_Init                                 0x08000a59   Thumb Code    48  stm32f4xx_hal.o(i.HAL_Init)
    HAL_InitTick                             0x08000a8d   Thumb Code    54  stm32f4xx_hal.o(i.HAL_InitTick)
    HAL_MspInit                              0x08000acd   Thumb Code    42  stm32f4xx_hal_msp.o(i.HAL_MspInit)
    HAL_NVIC_EnableIRQ                       0x08000afd   Thumb Code    26  stm32f4xx_hal_cortex.o(i.HAL_NVIC_EnableIRQ)
    HAL_NVIC_SetPriority                     0x08000b19   Thumb Code    60  stm32f4xx_hal_cortex.o(i.HAL_NVIC_SetPriority)
    HAL_NVIC_SetPriorityGrouping             0x08000b59   Thumb Code    26  stm32f4xx_hal_cortex.o(i.HAL_NVIC_SetPriorityGrouping)
    HAL_RCC_ClockConfig                      0x08000b7d   Thumb Code   286  stm32f4xx_hal_rcc.o(i.HAL_RCC_ClockConfig)
    HAL_RCC_GetPCLK1Freq                     0x08000cad   Thumb Code    20  stm32f4xx_hal_rcc.o(i.HAL_RCC_GetPCLK1Freq)
    HAL_RCC_GetPCLK2Freq                     0x08000ccd   Thumb Code    20  stm32f4xx_hal_rcc.o(i.HAL_RCC_GetPCLK2Freq)
    HAL_RCC_GetSysClockFreq                  0x08000ced   Thumb Code    88  stm32f4xx_hal_rcc.o(i.HAL_RCC_GetSysClockFreq)
    HAL_RCC_OscConfig                        0x08000d4d   Thumb Code   770  stm32f4xx_hal_rcc.o(i.HAL_RCC_OscConfig)
    HAL_SYSTICK_Config                       0x08001069   Thumb Code    40  stm32f4xx_hal_cortex.o(i.HAL_SYSTICK_Config)
    HAL_TIMEx_BreakCallback                  0x08001091   Thumb Code     2  stm32f4xx_hal_tim_ex.o(i.HAL_TIMEx_BreakCallback)
    HAL_TIMEx_CommutCallback                 0x08001093   Thumb Code     2  stm32f4xx_hal_tim_ex.o(i.HAL_TIMEx_CommutCallback)
    HAL_TIMEx_MasterConfigSynchronization    0x08001095   Thumb Code    66  stm32f4xx_hal_tim_ex.o(i.HAL_TIMEx_MasterConfigSynchronization)
    HAL_TIM_Base_Init                        0x080010d7   Thumb Code    54  stm32f4xx_hal_tim.o(i.HAL_TIM_Base_Init)
    HAL_TIM_Base_MspInit                     0x0800110d   Thumb Code    50  tim.o(i.HAL_TIM_Base_MspInit)
    HAL_TIM_Base_Start_IT                    0x08001149   Thumb Code    34  stm32f4xx_hal_tim.o(i.HAL_TIM_Base_Start_IT)
    HAL_TIM_ConfigClockSource                0x0800116b   Thumb Code   214  stm32f4xx_hal_tim.o(i.HAL_TIM_ConfigClockSource)
    HAL_TIM_IC_CaptureCallback               0x08001241   Thumb Code     2  stm32f4xx_hal_tim.o(i.HAL_TIM_IC_CaptureCallback)
    HAL_TIM_IRQHandler                       0x08001243   Thumb Code   358  stm32f4xx_hal_tim.o(i.HAL_TIM_IRQHandler)
    HAL_TIM_OC_DelayElapsedCallback          0x080013a9   Thumb Code     2  stm32f4xx_hal_tim.o(i.HAL_TIM_OC_DelayElapsedCallback)
    HAL_TIM_PWM_PulseFinishedCallback        0x080013ab   Thumb Code     2  stm32f4xx_hal_tim.o(i.HAL_TIM_PWM_PulseFinishedCallback)
    HAL_TIM_PeriodElapsedCallback            0x080013ad   Thumb Code    50  main.o(i.HAL_TIM_PeriodElapsedCallback)
    HAL_TIM_TriggerCallback                  0x080013e9   Thumb Code     2  stm32f4xx_hal_tim.o(i.HAL_TIM_TriggerCallback)
    HAL_UART_Init                            0x080013eb   Thumb Code    98  stm32f4xx_hal_uart.o(i.HAL_UART_Init)
    HAL_UART_MspInit                         0x0800144d   Thumb Code    94  usart.o(i.HAL_UART_MspInit)
    HAL_UART_Transmit                        0x080014b9   Thumb Code   186  stm32f4xx_hal_uart.o(i.HAL_UART_Transmit)
    HardFault_Handler                        0x08001573   Thumb Code     2  stm32f4xx_it.o(i.HardFault_Handler)
    IIC_Ack                                  0x08001575   Thumb Code   208  iic.o(i.IIC_Ack)
    IIC_Delay                                0x08001659   Thumb Code    12  iic.o(i.IIC_Delay)
    IIC_NAck                                 0x08001665   Thumb Code   208  iic.o(i.IIC_NAck)
    IIC_ReadByte                             0x08001749   Thumb Code   196  iic.o(i.IIC_ReadByte)
    IIC_ReadByteFromSlave                    0x08001821   Thumb Code    74  iic.o(i.IIC_ReadByteFromSlave)
    IIC_ReadMultByteFromSlave                0x0800186b   Thumb Code   102  iic.o(i.IIC_ReadMultByteFromSlave)
    IIC_SendByte                             0x080018d1   Thumb Code   236  iic.o(i.IIC_SendByte)
    IIC_Start                                0x080019d1   Thumb Code   208  iic.o(i.IIC_Start)
    IIC_Stop                                 0x08001ab5   Thumb Code   208  iic.o(i.IIC_Stop)
    IIC_WaitAck                              0x08001b99   Thumb Code   190  iic.o(i.IIC_WaitAck)
    IIC_WriteByteToSlave                     0x08001c6d   Thumb Code    62  iic.o(i.IIC_WriteByteToSlave)
    IIR_Filter_Init                          0x08001cad   Thumb Code   130  filter.o(i.IIR_Filter_Init)
    MPU6050_Check                            0x08001d3d   Thumb Code    46  mpu6050.o(i.MPU6050_Check)
    MPU6050_Init                             0x08001d8d   Thumb Code    90  mpu6050.o(i.MPU6050_Init)
    MPU6050_Read                             0x08001de9   Thumb Code   268  mpu6050.o(i.MPU6050_Read)
    MPU6050_ReadByte                         0x08001f11   Thumb Code    20  mpu6050.o(i.MPU6050_ReadByte)
    MPU6050_ReadMultBytes                    0x08001f25   Thumb Code    22  mpu6050.o(i.MPU6050_ReadMultBytes)
    MPU6050_WriteByte                        0x08001f3b   Thumb Code    20  mpu6050.o(i.MPU6050_WriteByte)
    MPU6050_getDeviceID                      0x08001f4f   Thumb Code    16  mpu6050.o(i.MPU6050_getDeviceID)
    MPU6050_testConnection                   0x08001f5f   Thumb Code    18  mpu6050.o(i.MPU6050_testConnection)
    MPU_Offset_cali                          0x08001f71   Thumb Code   114  mpu6050.o(i.MPU_Offset_cali)
    MX_GPIO_Init                             0x08001fe9   Thumb Code   150  gpio.o(i.MX_GPIO_Init)
    MX_TIM3_Init                             0x0800208d   Thumb Code    94  tim.o(i.MX_TIM3_Init)
    MX_USART1_UART_Init                      0x080020f5   Thumb Code    48  usart.o(i.MX_USART1_UART_Init)
    MahonyAHRSupdateIMU                      0x0800212d   Thumb Code   750  imu.o(i.MahonyAHRSupdateIMU)
    MemManage_Handler                        0x08002439   Thumb Code     2  stm32f4xx_it.o(i.MemManage_Handler)
    NMI_Handler                              0x0800243b   Thumb Code     2  stm32f4xx_it.o(i.NMI_Handler)
    PendSV_Handler                           0x0800243d   Thumb Code     2  stm32f4xx_it.o(i.PendSV_Handler)
    QuiteSort                                0x0800243f   Thumb Code    44  filter.o(i.QuiteSort)
    SVC_Handler                              0x0800246b   Thumb Code     2  stm32f4xx_it.o(i.SVC_Handler)
    SortAver_FilterAcc                       0x0800246d   Thumb Code   280  filter.o(i.SortAver_FilterAcc)
    SortAver_FilterGyro                      0x08002591   Thumb Code   280  filter.o(i.SortAver_FilterGyro)
    SysTick_Handler                          0x080026b5   Thumb Code     4  stm32f4xx_it.o(i.SysTick_Handler)
    SystemClock_Config                       0x080026b9   Thumb Code   122  main.o(i.SystemClock_Config)
    SystemInit                               0x0800273d   Thumb Code    66  system_stm32f4xx.o(i.SystemInit)
    TIM3_IRQHandler                          0x08002791   Thumb Code     6  stm32f4xx_it.o(i.TIM3_IRQHandler)
    TIM_Base_SetConfig                       0x0800279d   Thumb Code   156  stm32f4xx_hal_tim.o(i.TIM_Base_SetConfig)
    TIM_ETR_SetConfig                        0x08002865   Thumb Code    20  stm32f4xx_hal_tim.o(i.TIM_ETR_SetConfig)
    UsageFault_Handler                       0x08002be1   Thumb Code     2  stm32f4xx_it.o(i.UsageFault_Handler)
    __0printf                                0x08002be5   Thumb Code    22  printfa.o(i.__0printf)
    __1printf                                0x08002be5   Thumb Code     0  printfa.o(i.__0printf)
    __2printf                                0x08002be5   Thumb Code     0  printfa.o(i.__0printf)
    __c89printf                              0x08002be5   Thumb Code     0  printfa.o(i.__0printf)
    printf                                   0x08002be5   Thumb Code     0  printfa.o(i.__0printf)
    __ARM_fpclassifyf                        0x08002c05   Thumb Code    38  fpclassifyf.o(i.__ARM_fpclassifyf)
    __hardfp_asinf                           0x08002c4d   Thumb Code   258  asinf.o(i.__hardfp_asinf)
    __hardfp_atan2f                          0x08002d79   Thumb Code   502  atan2f.o(i.__hardfp_atan2f)
    __hardfp_log                             0x08002fc9   Thumb Code   872  log.o(i.__hardfp_log)
    __hardfp_log10                           0x08003391   Thumb Code   260  log10.o(i.__hardfp_log10)
    __kernel_poly                            0x080034c1   Thumb Code   248  poly.o(i.__kernel_poly)
    __mathlib_dbl_divzero                    0x080035b9   Thumb Code    28  dunder.o(i.__mathlib_dbl_divzero)
    __mathlib_dbl_infnan                     0x080035e9   Thumb Code    20  dunder.o(i.__mathlib_dbl_infnan)
    __mathlib_dbl_invalid                    0x08003601   Thumb Code    24  dunder.o(i.__mathlib_dbl_invalid)
    __mathlib_flt_infnan                     0x08003621   Thumb Code     6  funder.o(i.__mathlib_flt_infnan)
    __mathlib_flt_infnan2                    0x08003627   Thumb Code     6  funder.o(i.__mathlib_flt_infnan2)
    __mathlib_flt_invalid                    0x0800362d   Thumb Code    10  funder.o(i.__mathlib_flt_invalid)
    __mathlib_flt_underflow                  0x0800363d   Thumb Code    10  funder.o(i.__mathlib_flt_underflow)
    __scatterload_copy                       0x0800364d   Thumb Code    14  handlers.o(i.__scatterload_copy)
    __scatterload_null                       0x0800365b   Thumb Code     2  handlers.o(i.__scatterload_null)
    __scatterload_zeroinit                   0x0800365d   Thumb Code    14  handlers.o(i.__scatterload_zeroinit)
    __set_errno                              0x0800366d   Thumb Code     6  errno.o(i.__set_errno)
    fputc                                    0x08003f2d   Thumb Code    20  usart.o(i.fputc)
    invSqrt                                  0x08003f45   Thumb Code    40  imu.o(i.invSqrt)
    log                                      0x08003f71   Thumb Code    16  log.o(i.log)
    main                                     0x08003f81   Thumb Code   142  main.o(i.main)
    sqrtf                                    0x08004035   Thumb Code    62  sqrtf.o(i.sqrtf)
    AHBPrescTable                            0x08004072   Data          16  system_stm32f4xx.o(.constdata)
    APBPrescTable                            0x08004082   Data           8  system_stm32f4xx.o(.constdata)
    __mathlib_zero                           0x080040c8   Data           8  qnan.o(.constdata)
    Region$$Table$$Base                      0x080040d0   Number         0  anon$$obj.o(Region$$Table)
    Region$$Table$$Limit                     0x080040f0   Number         0  anon$$obj.o(Region$$Table)
    DATA_PRINTF                              0x20000000   Data           1  main.o(.data)
    IMU_CALC                                 0x20000001   Data           1  main.o(.data)
    uwTickFreq                               0x20000008   Data           1  stm32f4xx_hal.o(.data)
    uwTickPrio                               0x2000000c   Data           4  stm32f4xx_hal.o(.data)
    uwTick                                   0x20000010   Data           4  stm32f4xx_hal.o(.data)
    SystemCoreClock                          0x20000014   Data           4  system_stm32f4xx.o(.data)
    q0                                       0x20000018   Data           4  imu.o(.data)
    q1                                       0x2000001c   Data           4  imu.o(.data)
    q2                                       0x20000020   Data           4  imu.o(.data)
    q3                                       0x20000024   Data           4  imu.o(.data)
    integralFBx                              0x20000028   Data           4  imu.o(.data)
    integralFBy                              0x2000002c   Data           4  imu.o(.data)
    integralFBz                              0x20000030   Data           4  imu.o(.data)
    Butterwoth_IIR_2st_1000Hz_25Hz_Parameter 0x20000038   Data          24  filter.o(.data)
    Butterwoth_IIR_4st_1000Hz_60Hz_Parameter 0x20000050   Data          40  filter.o(.data)
    __stdout                                 0x20000078   Data           4  stdout.o(.data)
    htim3                                    0x20000080   Data          64  tim.o(.bss)
    huart1                                   0x200000c0   Data          64  usart.o(.bss)
    MPU_Data                                 0x20000110   Data          60  mpu6050.o(.bss)
    IMU_Data                                 0x2000014c   Data          40  imu.o(.bss)
    AccLPF_1st                               0x20000354   Data          48  filter.o(.bss)
    AccLPF_IIR_2st                           0x20000384   Data         144  filter.o(.bss)
    AccLPF_IIR_4st                           0x20000414   Data         240  filter.o(.bss)
    __initial_sp                             0x20000908   Data           0  startup_stm32f407xx.o(STACK)



==============================================================================

Memory Map of the image

  Image Entry point : 0x08000189

  Load Region LR_IROM1 (Base: 0x08000000, Size: 0x00004170, Max: 0x00100000, ABSOLUTE)

    Execution Region ER_IROM1 (Exec base: 0x08000000, Load base: 0x08000000, Size: 0x000040f0, Max: 0x00100000, ABSOLUTE)

    Exec Addr    Load Addr    Size         Type   Attr      Idx    E Section Name        Object

    0x08000000   0x08000000   0x00000188   Data   RO            3    RESET               startup_stm32f407xx.o
    0x08000188   0x08000188   0x00000000   Code   RO         3266  * .ARM.Collect$$$$00000000  mc_w.l(entry.o)
    0x08000188   0x08000188   0x00000004   Code   RO         3600    .ARM.Collect$$$$00000001  mc_w.l(entry2.o)
    0x0800018c   0x0800018c   0x00000004   Code   RO         3603    .ARM.Collect$$$$00000004  mc_w.l(entry5.o)
    0x08000190   0x08000190   0x00000000   Code   RO         3605    .ARM.Collect$$$$00000008  mc_w.l(entry7b.o)
    0x08000190   0x08000190   0x00000000   Code   RO         3607    .ARM.Collect$$$$0000000A  mc_w.l(entry8b.o)
    0x08000190   0x08000190   0x00000008   Code   RO         3608    .ARM.Collect$$$$0000000B  mc_w.l(entry9a.o)
    0x08000198   0x08000198   0x00000000   Code   RO         3610    .ARM.Collect$$$$0000000D  mc_w.l(entry10a.o)
    0x08000198   0x08000198   0x00000000   Code   RO         3612    .ARM.Collect$$$$0000000F  mc_w.l(entry11a.o)
    0x08000198   0x08000198   0x00000004   Code   RO         3601    .ARM.Collect$$$$00002712  mc_w.l(entry2.o)
    0x0800019c   0x0800019c   0x00000024   Code   RO            4    .text               startup_stm32f407xx.o
    0x080001c0   0x080001c0   0x00000062   Code   RO         3269    .text               mc_w.l(uldiv.o)
    0x08000222   0x08000222   0x00000024   Code   RO         3271    .text               mc_w.l(memseta.o)
    0x08000246   0x08000246   0x0000014e   Code   RO         3534    .text               mf_w.l(dadd.o)
    0x08000394   0x08000394   0x000000e4   Code   RO         3536    .text               mf_w.l(dmul.o)
    0x08000478   0x08000478   0x000000de   Code   RO         3538    .text               mf_w.l(ddiv.o)
    0x08000556   0x08000556   0x00000032   Code   RO         3540    .text               mf_w.l(dfixui.o)
    0x08000588   0x08000588   0x00000026   Code   RO         3542    .text               mf_w.l(f2d.o)
    0x080005ae   0x080005ae   0x0000002c   Code   RO         3615    .text               mc_w.l(uidiv.o)
    0x080005da   0x080005da   0x0000001e   Code   RO         3617    .text               mc_w.l(llshl.o)
    0x080005f8   0x080005f8   0x00000020   Code   RO         3619    .text               mc_w.l(llushr.o)
    0x08000618   0x08000618   0x00000024   Code   RO         3621    .text               mc_w.l(llsshr.o)
    0x0800063c   0x0800063c   0x00000000   Code   RO         3630    .text               mc_w.l(iusefp.o)
    0x0800063c   0x0800063c   0x000000ba   Code   RO         3631    .text               mf_w.l(depilogue.o)
    0x080006f6   0x080006f6   0x00000022   Code   RO         3635    .text               mf_w.l(dflti.o)
    0x08000718   0x08000718   0x00000030   Code   RO         3637    .text               mf_w.l(dfixul.o)
    0x08000748   0x08000748   0x00000030   Code   RO         3639    .text               mf_w.l(cdrcmple.o)
    0x08000778   0x08000778   0x00000024   Code   RO         3644    .text               mc_w.l(init.o)
    0x0800079c   0x0800079c   0x00000030   Code   RO         3646    .text               mf_w.l(cdcmple.o)
    0x080007cc   0x080007cc   0x00000002   Code   RO          320    i.BusFault_Handler  stm32f4xx_it.o
    0x080007ce   0x080007ce   0x00000002   Code   RO          321    i.DebugMon_Handler  stm32f4xx_it.o
    0x080007d0   0x080007d0   0x00000002   Code   RO           13    i.Error_Handler     main.o
    0x080007d2   0x080007d2   0x00000070   Code   RO         2968    i.FindPos           filter.o
    0x08000842   0x08000842   0x00000002   PAD
    0x08000844   0x08000844   0x00000024   Code   RO         2561    i.HAL_Delay         stm32f4xx_hal.o
    0x08000868   0x08000868   0x000001b0   Code   RO         2035    i.HAL_GPIO_Init     stm32f4xx_hal_gpio.o
    0x08000a18   0x08000a18   0x0000000a   Code   RO         2037    i.HAL_GPIO_ReadPin  stm32f4xx_hal_gpio.o
    0x08000a22   0x08000a22   0x0000000e   Code   RO         2038    i.HAL_GPIO_TogglePin  stm32f4xx_hal_gpio.o
    0x08000a30   0x08000a30   0x0000000a   Code   RO         2039    i.HAL_GPIO_WritePin  stm32f4xx_hal_gpio.o
    0x08000a3a   0x08000a3a   0x00000002   PAD
    0x08000a3c   0x08000a3c   0x0000000c   Code   RO         2567    i.HAL_GetTick       stm32f4xx_hal.o
    0x08000a48   0x08000a48   0x00000010   Code   RO         2573    i.HAL_IncTick       stm32f4xx_hal.o
    0x08000a58   0x08000a58   0x00000034   Code   RO         2574    i.HAL_Init          stm32f4xx_hal.o
    0x08000a8c   0x08000a8c   0x00000040   Code   RO         2575    i.HAL_InitTick      stm32f4xx_hal.o
    0x08000acc   0x08000acc   0x00000030   Code   RO          402    i.HAL_MspInit       stm32f4xx_hal_msp.o
    0x08000afc   0x08000afc   0x0000001a   Code   RO         2424    i.HAL_NVIC_EnableIRQ  stm32f4xx_hal_cortex.o
    0x08000b16   0x08000b16   0x00000002   PAD
    0x08000b18   0x08000b18   0x00000040   Code   RO         2430    i.HAL_NVIC_SetPriority  stm32f4xx_hal_cortex.o
    0x08000b58   0x08000b58   0x00000024   Code   RO         2431    i.HAL_NVIC_SetPriorityGrouping  stm32f4xx_hal_cortex.o
    0x08000b7c   0x08000b7c   0x00000130   Code   RO         1681    i.HAL_RCC_ClockConfig  stm32f4xx_hal_rcc.o
    0x08000cac   0x08000cac   0x00000020   Code   RO         1688    i.HAL_RCC_GetPCLK1Freq  stm32f4xx_hal_rcc.o
    0x08000ccc   0x08000ccc   0x00000020   Code   RO         1689    i.HAL_RCC_GetPCLK2Freq  stm32f4xx_hal_rcc.o
    0x08000cec   0x08000cec   0x00000060   Code   RO         1690    i.HAL_RCC_GetSysClockFreq  stm32f4xx_hal_rcc.o
    0x08000d4c   0x08000d4c   0x0000031c   Code   RO         1693    i.HAL_RCC_OscConfig  stm32f4xx_hal_rcc.o
    0x08001068   0x08001068   0x00000028   Code   RO         2435    i.HAL_SYSTICK_Config  stm32f4xx_hal_cortex.o
    0x08001090   0x08001090   0x00000002   Code   RO         1103    i.HAL_TIMEx_BreakCallback  stm32f4xx_hal_tim_ex.o
    0x08001092   0x08001092   0x00000002   Code   RO         1104    i.HAL_TIMEx_CommutCallback  stm32f4xx_hal_tim_ex.o
    0x08001094   0x08001094   0x00000042   Code   RO         1121    i.HAL_TIMEx_MasterConfigSynchronization  stm32f4xx_hal_tim_ex.o
    0x080010d6   0x080010d6   0x00000036   Code   RO          428    i.HAL_TIM_Base_Init  stm32f4xx_hal_tim.o
    0x0800110c   0x0800110c   0x0000003c   Code   RO          231    i.HAL_TIM_Base_MspInit  tim.o
    0x08001148   0x08001148   0x00000022   Code   RO          433    i.HAL_TIM_Base_Start_IT  stm32f4xx_hal_tim.o
    0x0800116a   0x0800116a   0x000000d6   Code   RO          437    i.HAL_TIM_ConfigClockSource  stm32f4xx_hal_tim.o
    0x08001240   0x08001240   0x00000002   Code   RO          457    i.HAL_TIM_IC_CaptureCallback  stm32f4xx_hal_tim.o
    0x08001242   0x08001242   0x00000166   Code   RO          471    i.HAL_TIM_IRQHandler  stm32f4xx_hal_tim.o
    0x080013a8   0x080013a8   0x00000002   Code   RO          474    i.HAL_TIM_OC_DelayElapsedCallback  stm32f4xx_hal_tim.o
    0x080013aa   0x080013aa   0x00000002   Code   RO          501    i.HAL_TIM_PWM_PulseFinishedCallback  stm32f4xx_hal_tim.o
    0x080013ac   0x080013ac   0x0000003c   Code   RO           14    i.HAL_TIM_PeriodElapsedCallback  main.o
    0x080013e8   0x080013e8   0x00000002   Code   RO          514    i.HAL_TIM_TriggerCallback  stm32f4xx_hal_tim.o
    0x080013ea   0x080013ea   0x00000062   Code   RO         1379    i.HAL_UART_Init     stm32f4xx_hal_uart.o
    0x0800144c   0x0800144c   0x0000006c   Code   RO          273    i.HAL_UART_MspInit  usart.o
    0x080014b8   0x080014b8   0x000000ba   Code   RO         1387    i.HAL_UART_Transmit  stm32f4xx_hal_uart.o
    0x08001572   0x08001572   0x00000002   Code   RO          322    i.HardFault_Handler  stm32f4xx_it.o
    0x08001574   0x08001574   0x000000e4   Code   RO         3060    i.IIC_Ack           iic.o
    0x08001658   0x08001658   0x0000000c   Code   RO         3061    i.IIC_Delay         iic.o
    0x08001664   0x08001664   0x000000e4   Code   RO         3062    i.IIC_NAck          iic.o
    0x08001748   0x08001748   0x000000d8   Code   RO         3063    i.IIC_ReadByte      iic.o
    0x08001820   0x08001820   0x0000004a   Code   RO         3064    i.IIC_ReadByteFromSlave  iic.o
    0x0800186a   0x0800186a   0x00000066   Code   RO         3065    i.IIC_ReadMultByteFromSlave  iic.o
    0x080018d0   0x080018d0   0x00000100   Code   RO         3066    i.IIC_SendByte      iic.o
    0x080019d0   0x080019d0   0x000000e4   Code   RO         3067    i.IIC_Start         iic.o
    0x08001ab4   0x08001ab4   0x000000e4   Code   RO         3068    i.IIC_Stop          iic.o
    0x08001b98   0x08001b98   0x000000d4   Code   RO         3069    i.IIC_WaitAck       iic.o
    0x08001c6c   0x08001c6c   0x0000003e   Code   RO         3070    i.IIC_WriteByteToSlave  iic.o
    0x08001caa   0x08001caa   0x00000002   PAD
    0x08001cac   0x08001cac   0x00000090   Code   RO         2971    i.IIR_Filter_Init   filter.o
    0x08001d3c   0x08001d3c   0x00000050   Code   RO         2848    i.MPU6050_Check     mpu6050.o
    0x08001d8c   0x08001d8c   0x0000005a   Code   RO         2850    i.MPU6050_Init      mpu6050.o
    0x08001de6   0x08001de6   0x00000002   PAD
    0x08001de8   0x08001de8   0x00000128   Code   RO         2851    i.MPU6050_Read      mpu6050.o
    0x08001f10   0x08001f10   0x00000014   Code   RO         2852    i.MPU6050_ReadByte  mpu6050.o
    0x08001f24   0x08001f24   0x00000016   Code   RO         2853    i.MPU6050_ReadMultBytes  mpu6050.o
    0x08001f3a   0x08001f3a   0x00000014   Code   RO         2855    i.MPU6050_WriteByte  mpu6050.o
    0x08001f4e   0x08001f4e   0x00000010   Code   RO         2856    i.MPU6050_getDeviceID  mpu6050.o
    0x08001f5e   0x08001f5e   0x00000012   Code   RO         2857    i.MPU6050_testConnection  mpu6050.o
    0x08001f70   0x08001f70   0x00000078   Code   RO         2858    i.MPU_Offset_cali   mpu6050.o
    0x08001fe8   0x08001fe8   0x000000a4   Code   RO          206    i.MX_GPIO_Init      gpio.o
    0x0800208c   0x0800208c   0x00000068   Code   RO          232    i.MX_TIM3_Init      tim.o
    0x080020f4   0x080020f4   0x00000038   Code   RO          274    i.MX_USART1_UART_Init  usart.o
    0x0800212c   0x0800212c   0x0000030c   Code   RO         2940    i.MahonyAHRSupdateIMU  imu.o
    0x08002438   0x08002438   0x00000002   Code   RO          323    i.MemManage_Handler  stm32f4xx_it.o
    0x0800243a   0x0800243a   0x00000002   Code   RO          324    i.NMI_Handler       stm32f4xx_it.o
    0x0800243c   0x0800243c   0x00000002   Code   RO          325    i.PendSV_Handler    stm32f4xx_it.o
    0x0800243e   0x0800243e   0x0000002c   Code   RO         2973    i.QuiteSort         filter.o
    0x0800246a   0x0800246a   0x00000002   Code   RO          326    i.SVC_Handler       stm32f4xx_it.o
    0x0800246c   0x0800246c   0x00000124   Code   RO         2974    i.SortAver_FilterAcc  filter.o
    0x08002590   0x08002590   0x00000124   Code   RO         2975    i.SortAver_FilterGyro  filter.o
    0x080026b4   0x080026b4   0x00000004   Code   RO          327    i.SysTick_Handler   stm32f4xx_it.o
    0x080026b8   0x080026b8   0x00000084   Code   RO           15    i.SystemClock_Config  main.o
    0x0800273c   0x0800273c   0x00000054   Code   RO         2810    i.SystemInit        system_stm32f4xx.o
    0x08002790   0x08002790   0x0000000c   Code   RO          328    i.TIM3_IRQHandler   stm32f4xx_it.o
    0x0800279c   0x0800279c   0x000000c8   Code   RO          516    i.TIM_Base_SetConfig  stm32f4xx_hal_tim.o
    0x08002864   0x08002864   0x00000014   Code   RO          527    i.TIM_ETR_SetConfig  stm32f4xx_hal_tim.o
    0x08002878   0x08002878   0x00000010   Code   RO          528    i.TIM_ITRx_SetConfig  stm32f4xx_hal_tim.o
    0x08002888   0x08002888   0x00000022   Code   RO          534    i.TIM_TI1_ConfigInputStage  stm32f4xx_hal_tim.o
    0x080028aa   0x080028aa   0x00000024   Code   RO          536    i.TIM_TI2_ConfigInputStage  stm32f4xx_hal_tim.o
    0x080028ce   0x080028ce   0x00000002   PAD
    0x080028d0   0x080028d0   0x000002ac   Code   RO         1405    i.UART_SetConfig    stm32f4xx_hal_uart.o
    0x08002b7c   0x08002b7c   0x00000064   Code   RO         1407    i.UART_WaitOnFlagUntilTimeout  stm32f4xx_hal_uart.o
    0x08002be0   0x08002be0   0x00000002   Code   RO          329    i.UsageFault_Handler  stm32f4xx_it.o
    0x08002be2   0x08002be2   0x00000002   PAD
    0x08002be4   0x08002be4   0x00000020   Code   RO         3506    i.__0printf         mc_w.l(printfa.o)
    0x08002c04   0x08002c04   0x00000026   Code   RO         3558    i.__ARM_fpclassifyf  m_wm.l(fpclassifyf.o)
    0x08002c2a   0x08002c2a   0x00000020   Code   RO         2437    i.__NVIC_SetPriority  stm32f4xx_hal_cortex.o
    0x08002c4a   0x08002c4a   0x00000002   PAD
    0x08002c4c   0x08002c4c   0x0000012c   Code   RO         3230    i.__hardfp_asinf    m_wm.l(asinf.o)
    0x08002d78   0x08002d78   0x00000250   Code   RO         3242    i.__hardfp_atan2f   m_wm.l(atan2f.o)
    0x08002fc8   0x08002fc8   0x000003c4   Code   RO         3574    i.__hardfp_log      m_wm.l(log.o)
    0x0800338c   0x0800338c   0x00000004   PAD
    0x08003390   0x08003390   0x00000130   Code   RO         3254    i.__hardfp_log10    m_wm.l(log10.o)
    0x080034c0   0x080034c0   0x000000f8   Code   RO         3641    i.__kernel_poly     m_wm.l(poly.o)
    0x080035b8   0x080035b8   0x00000030   Code   RO         3544    i.__mathlib_dbl_divzero  m_wm.l(dunder.o)
    0x080035e8   0x080035e8   0x00000014   Code   RO         3545    i.__mathlib_dbl_infnan  m_wm.l(dunder.o)
    0x080035fc   0x080035fc   0x00000004   PAD
    0x08003600   0x08003600   0x00000020   Code   RO         3547    i.__mathlib_dbl_invalid  m_wm.l(dunder.o)
    0x08003620   0x08003620   0x00000006   Code   RO         3561    i.__mathlib_flt_infnan  m_wm.l(funder.o)
    0x08003626   0x08003626   0x00000006   Code   RO         3562    i.__mathlib_flt_infnan2  m_wm.l(funder.o)
    0x0800362c   0x0800362c   0x00000010   Code   RO         3563    i.__mathlib_flt_invalid  m_wm.l(funder.o)
    0x0800363c   0x0800363c   0x00000010   Code   RO         3566    i.__mathlib_flt_underflow  m_wm.l(funder.o)
    0x0800364c   0x0800364c   0x0000000e   Code   RO         3650    i.__scatterload_copy  mc_w.l(handlers.o)
    0x0800365a   0x0800365a   0x00000002   Code   RO         3651    i.__scatterload_null  mc_w.l(handlers.o)
    0x0800365c   0x0800365c   0x0000000e   Code   RO         3652    i.__scatterload_zeroinit  mc_w.l(handlers.o)
    0x0800366a   0x0800366a   0x00000002   PAD
    0x0800366c   0x0800366c   0x0000000c   Code   RO         3625    i.__set_errno       mc_w.l(errno.o)
    0x08003678   0x08003678   0x00000184   Code   RO         3513    i._fp_digits        mc_w.l(printfa.o)
    0x080037fc   0x080037fc   0x000006dc   Code   RO         3514    i._printf_core      mc_w.l(printfa.o)
    0x08003ed8   0x08003ed8   0x00000024   Code   RO         3515    i._printf_post_padding  mc_w.l(printfa.o)
    0x08003efc   0x08003efc   0x0000002e   Code   RO         3516    i._printf_pre_padding  mc_w.l(printfa.o)
    0x08003f2a   0x08003f2a   0x00000002   PAD
    0x08003f2c   0x08003f2c   0x00000018   Code   RO          275    i.fputc             usart.o
    0x08003f44   0x08003f44   0x0000002c   Code   RO         2941    i.invSqrt           imu.o
    0x08003f70   0x08003f70   0x00000010   Code   RO         3576    i.log               m_wm.l(log.o)
    0x08003f80   0x08003f80   0x000000b4   Code   RO           16    i.main              main.o
    0x08004034   0x08004034   0x0000003e   Code   RO         3590    i.sqrtf             m_wm.l(sqrtf.o)
    0x08004072   0x08004072   0x00000010   Data   RO         2811    .constdata          system_stm32f4xx.o
    0x08004082   0x08004082   0x00000008   Data   RO         2812    .constdata          system_stm32f4xx.o
    0x0800408a   0x0800408a   0x00000006   PAD
    0x08004090   0x08004090   0x00000038   Data   RO         3577    .constdata          m_wm.l(log.o)
    0x080040c8   0x080040c8   0x00000008   Data   RO         3643    .constdata          m_wm.l(qnan.o)
    0x080040d0   0x080040d0   0x00000020   Data   RO         3648    Region$$Table       anon$$obj.o


    Execution Region RW_IRAM1 (Exec base: 0x20000000, Load base: 0x080040f0, Size: 0x00000908, Max: 0x00020000, ABSOLUTE)

    Exec Addr    Load Addr    Size         Type   Attr      Idx    E Section Name        Object

    0x20000000   0x080040f0   0x00000006   Data   RW           17    .data               main.o
    0x20000006   0x080040f6   0x00000002   PAD
    0x20000008   0x080040f8   0x0000000c   Data   RW         2581    .data               stm32f4xx_hal.o
    0x20000014   0x08004104   0x00000004   Data   RW         2813    .data               system_stm32f4xx.o
    0x20000018   0x08004108   0x0000001c   Data   RW         2943    .data               imu.o
    0x20000034   0x08004124   0x00000044   Data   RW         2977    .data               filter.o
    0x20000078   0x08004168   0x00000004   Data   RW         3614    .data               mc_w.l(stdout.o)
    0x2000007c   0x0800416c   0x00000004   Data   RW         3626    .data               mc_w.l(errno.o)
    0x20000080        -       0x00000040   Zero   RW          233    .bss                tim.o
    0x200000c0        -       0x00000040   Zero   RW          276    .bss                usart.o
    0x20000100        -       0x0000004c   Zero   RW         2859    .bss                mpu6050.o
    0x2000014c        -       0x00000028   Zero   RW         2942    .bss                imu.o
    0x20000174        -       0x00000390   Zero   RW         2976    .bss                filter.o
    0x20000504   0x08004170   0x00000004   PAD
    0x20000508        -       0x00000400   Zero   RW            1    STACK               startup_stm32f407xx.o


==============================================================================

Image component sizes


      Code (inc. data)   RO Data    RW Data    ZI Data      Debug   Object Name

       884         38          0         68        912       6000   filter.o
       164         14          0          0          0        943   gpio.o
      1846        142          0          0          0       7559   iic.o
       824         34          0         28         40       2891   imu.o
       374         58          0          6          0     693014   main.o
       682         68          0          0         76       7549   mpu6050.o
        36          8        392          0       1024        836   startup_stm32f407xx.o
       180         28          0         12          0       4573   stm32f4xx_hal.o
       198         14          0          0          0      33951   stm32f4xx_hal_cortex.o
       466         44          0          0          0       3700   stm32f4xx_hal_gpio.o
        48          6          0          0          0        830   stm32f4xx_hal_msp.o
      1260         76          0          0          0       5144   stm32f4xx_hal_rcc.o
       974         44          0          0          0      10005   stm32f4xx_hal_tim.o
        70          0          0          0          0       2433   stm32f4xx_hal_tim_ex.o
      1068          8          0          0          0       4108   stm32f4xx_hal_uart.o
        32          6          0          0          0       4536   stm32f4xx_it.o
        84         18         24          4          0       1159   system_stm32f4xx.o
       164         20          0          0         64       1654   tim.o
       188         26          0          0         64       2250   usart.o

    ----------------------------------------------------------------------
      9558        652        454        120       2184     793135   Object Totals
         0          0         32          0          0          0   (incl. Generated)
        16          0          6          2          4          0   (incl. Padding)

    ----------------------------------------------------------------------

      Code (inc. data)   RO Data    RW Data    ZI Data      Debug   Library Member Name

       300         42          0          0          0        176   asinf.o
       592         90          0          0          0        184   atan2f.o
       100         28          0          0          0        372   dunder.o
        38          0          0          0          0        116   fpclassifyf.o
        44         12          0          0          0        464   funder.o
       980         92         56          0          0        440   log.o
       304         44          0          0          0        200   log10.o
       248          0          0          0          0        152   poly.o
         0          0          8          0          0          0   qnan.o
        62          0          0          0          0        136   sqrtf.o
         0          0          0          0          0          0   entry.o
         0          0          0          0          0          0   entry10a.o
         0          0          0          0          0          0   entry11a.o
         8          4          0          0          0          0   entry2.o
         4          0          0          0          0          0   entry5.o
         0          0          0          0          0          0   entry7b.o
         0          0          0          0          0          0   entry8b.o
         8          4          0          0          0          0   entry9a.o
        12          6          0          4          0         68   errno.o
        30          0          0          0          0          0   handlers.o
        36          8          0          0          0         68   init.o
         0          0          0          0          0          0   iusefp.o
        30          0          0          0          0         68   llshl.o
        36          0          0          0          0         68   llsshr.o
        32          0          0          0          0         68   llushr.o
        36          0          0          0          0        108   memseta.o
      2258         90          0          0          0        452   printfa.o
         0          0          0          4          0          0   stdout.o
        44          0          0          0          0         80   uidiv.o
        98          0          0          0          0         92   uldiv.o
        48          0          0          0          0         68   cdcmple.o
        48          0          0          0          0         68   cdrcmple.o
       334          0          0          0          0        148   dadd.o
       222          0          0          0          0        100   ddiv.o
       186          0          0          0          0        176   depilogue.o
        50          0          0          0          0         76   dfixui.o
        48          0          0          0          0         68   dfixul.o
        34          0          0          0          0         76   dflti.o
       228          0          0          0          0         96   dmul.o
        38          0          0          0          0         68   f2d.o

    ----------------------------------------------------------------------
      6548        424         64          8          0       4256   Library Totals
        12          4          0          0          0          0   (incl. Padding)

    ----------------------------------------------------------------------

      Code (inc. data)   RO Data    RW Data    ZI Data      Debug   Library Name

      2668        308         64          0          0       2240   m_wm.l
      2632        112          0          8          0       1072   mc_w.l
      1236          0          0          0          0        944   mf_w.l

    ----------------------------------------------------------------------
      6548        424         64          8          0       4256   Library Totals

    ----------------------------------------------------------------------

==============================================================================


      Code (inc. data)   RO Data    RW Data    ZI Data      Debug   

     16106       1076        518        128       2184     787307   Grand Totals
     16106       1076        518        128       2184     787307   ELF Image Totals
     16106       1076        518        128          0          0   ROM Totals

==============================================================================

    Total RO  Size (Code + RO Data)                16624 (  16.23kB)
    Total RW  Size (RW Data + ZI Data)              2312 (   2.26kB)
    Total ROM Size (Code + RO Data + RW Data)      16752 (  16.36kB)

==============================================================================

